<html>
<body>
<pre>
<h1>µVision Build Log</h1>
<h2>Project:</h2>
F:\ZiLiao\GIT\CANboard\RS232canboard\canboard.uvproj
Project File Date:  12/31/2015

<h2>Output:</h2>
Rebuild target 'DebugInFlash'
compiling core_cm0.c...
compiling system_LPC11xx.c...
assembling startup_LPC11xx.s...
compiling main.c...
USER_CODE\buffer.h(63): warning:  #1-D: last line of file ends without a newline
  #endif
USER_CODE\main.c(289): warning:  #167-D: argument of type "uint8_t *" is incompatible with parameter of type "char *"
                                        put_byte_buffer(&rcv_byte_buffer, &GucRcvBuf[GulNum]);
USER_CODE\main.c(298): warning:  #167-D: argument of type "uint8_t *" is incompatible with parameter of type "char *"
                                        put_byte_buffer(&rcv_byte_buffer, &GucRcvBuf[GulNum]);
USER_CODE\main.c(319): warning:  #186-D: pointless comparison of unsigned integer with zero
                if((*(p_temp+i)>=0x00)&&(*(p_temp+i)<=0x20))
USER_CODE\main.c(347): warning:  #940-D: missing return statement at end of non-void function "senduartframe"
  }
USER_CODE\main.c(433): warning:  #186-D: pointless comparison of unsigned integer with zero
                                                                        if((*(success_config+i)>=0x00)&&(*(success_config+i)<=0x20))
USER_CODE\main.c(468): warning:  #186-D: pointless comparison of unsigned integer with zero
                                                                        if((*(fail_config+i)>=0x00)&&(*(fail_config+i)<=0x20))
USER_CODE\main.c(532): warning:  #186-D: pointless comparison of unsigned integer with zero
                                        if(uartreceive>=0 && uartreceive<=0x20)
USER_CODE\main.c(575): warning:  #940-D: missing return statement at end of non-void function "receiveuartframe"
  }
USER_CODE\main.c(666): warning:  #69-D: integer conversion resulted in truncation
                        uartframesend.check[1] = 0xFF+0x03+0xA0+0x21+0x00+0x0E+0x01;
USER_CODE\main.c(707): warning:  #167-D: argument of type "uint8_t *" is incompatible with parameter of type "char *"
                        get_byte_buffer(&rcv_byte_buffer,&byte_send);
USER_CODE\main.c(591): warning:  #177-D: variable "id" was declared but never referenced
        uint32_t id = 0, msg_id = 0;
USER_CODE\main.c: 12 warnings, 0 errors
compiling buffer.c...
USER_CODE\buffer.h(63): warning:  #1-D: last line of file ends without a newline
  #endif
USER_CODE\buffer.c: 1 warning, 0 errors
compiling E2PROM.c...
compiling data.c...
compiling CAN_API.c...
.\USER_CODE\buffer.h(63): warning:  #1-D: last line of file ends without a newline
  #endif
CAN\CAN_API.c: 1 warning, 0 errors
linking...
Program Size: Code=5968 RO-data=256 RW-data=4260 ZI-data=1416  
FromELF: creating hex file...
After Build - User command #2: fromelf.exe --bin -o .\DebugInFlash\canboard.bin .\DebugInFlash\canboard.axf
".\DebugInFlash\canboard.axf" - 0 Error(s), 14 Warning(s).
Load "F:\\ZiLiao\\GIT\\CANboard\\RS232canboard\\DebugInFlash\\canboard.axf" 
Flash Write Done: 6376 bytes programmed.
Flash Verify Done: 6376 bytes verified.
</pre>
</body>
</html>
ard.axf" 
Flash Write Done: 6388 bytes programmed.
Flash Verify Done: 6388 bytes verified.
