ARM Linker, 4.1 [Build 481] [Evaluation]

==============================================================================

Section Cross References

    system_lpc11xx.o(.text) refers to system_lpc11xx.o(i.__ARM_common_switch8) for __ARM_common_switch8
    system_lpc11xx.o(.text) refers to aeabi_sdiv.o(.text) for __aeabi_uidivmod
    system_lpc11xx.o(.text) refers to system_lpc11xx.o(.data) for SystemFrequency
    startup_lpc11xx.o(STACK) refers (Special) to heapauxi.o(.text) for __use_two_region_memory
    startup_lpc11xx.o(HEAP) refers (Special) to heapauxi.o(.text) for __use_two_region_memory
    startup_lpc11xx.o(RESET) refers (Special) to heapauxi.o(.text) for __use_two_region_memory
    startup_lpc11xx.o(RESET) refers to startup_lpc11xx.o(STACK) for __initial_sp
    startup_lpc11xx.o(RESET) refers to startup_lpc11xx.o(.text) for Reset_Handler
    startup_lpc11xx.o(RESET) refers to can_api.o(.text) for CAN_IRQHandler
    startup_lpc11xx.o(RESET) refers to main.o(.text) for TIMER16_0_IRQHandler
    startup_lpc11xx.o(.text) refers (Special) to heapauxi.o(.text) for __use_two_region_memory
    startup_lpc11xx.o(.text) refers to __main.o(!!!main) for __main
    startup_lpc11xx.o(.text) refers to startup_lpc11xx.o(HEAP) for Heap_Mem
    startup_lpc11xx.o(.text) refers to startup_lpc11xx.o(STACK) for Stack_Mem
    main.o(.text) refers to aeabi_sdiv.o(.text) for __aeabi_uidivmod
    main.o(.text) refers to buffer.o(.text) for put_byte_buffer
    main.o(.text) refers to main.o(.data) for timer_ms_cont
    main.o(.text) refers to system_lpc11xx.o(.data) for SystemFrequency
    main.o(.text) refers to can_api.o(.data) for rom
    main.o(.text) refers to can_api.o(.constdata) for callbacks
    main.o(.text) refers to can_api.o(.bss) for msg_cof0
    main.o(.text) refers to main.o(.bss) for GucRcvBuf
    main.o(.text) refers to buffer.o(.data) for rcv_byte_buffer
    main.o(.text) refers to system_lpc11xx.o(i.__ARM_common_switch8) for __ARM_common_switch8
    main.o(.text) refers to e2prom.o(.text) for eepromWrite
    main.o(.text) refers to system_lpc11xx.o(.text) for SystemInit
    buffer.o(.text) refers to rt_memcpy.o(.emb_text) for __aeabi_memcpy4
    buffer.o(.text) refers to aeabi_sdiv.o(.text) for __aeabi_uidivmod
    e2prom.o(.text) refers to h1_alloc.o(.text) for malloc
    e2prom.o(.text) refers to h1_free.o(.text) for free
    e2prom.o(.text) refers to e2prom.o(.bss) for GulParamin
    e2prom.o(.text) refers to e2prom.o(.data) for IAP_Entry
    can_api.o(.text) refers to buffer.o(.text) for put_can_buffer
    can_api.o(.text) refers to can_api.o(.data) for rom
    can_api.o(.text) refers to buffer.o(.data) for rcv_can_buffer
    can_api.o(.constdata) refers to can_api.o(.text) for CAN_rx
    malloc.o(.text) refers (Special) to hguard.o(.text) for __heap$guard
    malloc.o(.text) refers (Special) to init_alloc.o(.text) for _init_alloc
    malloc.o(.text) refers to rt_heap_descriptor_intlibspace.o(.text) for __rt_heap_descriptor
    free.o(.text) refers (Special) to hguard.o(.text) for __heap$guard
    free.o(.text) refers to rt_heap_descriptor_intlibspace.o(.text) for __rt_heap_descriptor
    h1_alloc.o(.text) refers (Special) to h1_init.o(.text) for __Heap_Initialize
    h1_alloc.o(.text) refers to rt_heap_descriptor_intlibspace.o(.text) for __rt_heap_descriptor
    h1_alloc.o(.text) refers to init_alloc.o(.text) for __Heap_Full
    h1_free.o(.text) refers to rt_heap_descriptor_intlibspace.o(.text) for __rt_heap_descriptor
    h1_alloc_mt.o(.text) refers (Special) to h1_init.o(.text) for __Heap_Initialize
    h1_alloc_mt.o(.text) refers to init_alloc.o(.text) for __Heap_Full
    h1_alloc_mt.o(.text) refers to rt_heap_descriptor_intlibspace.o(.text) for __rt_heap_descriptor
    h1_free_mt.o(.text) refers to rt_heap_descriptor_intlibspace.o(.text) for __rt_heap_descriptor
    heap2.o(i._FDIterate) refers to heap2.o(.constdata) for .constdata
    heap2.o(i.___Heap_ProvideMemory$realtime) refers to fdtree.o(i._FDTree_Delete) for _FDTree_Delete
    heap2.o(i.___Heap_ProvideMemory$realtime) refers to fdtree.o(i._FDTree_Insert) for _FDTree_Insert
    heap2.o(i.___Heap_Stats$realtime) refers to heap2.o(i._Heap2_StatsIterate) for _Heap2_StatsIterate
    heap2.o(i.___Heap_Stats$realtime) refers to aeabi_sdiv.o(.text) for __aeabi_uidivmod
    heap2.o(i.___Heap_Valid$realtime) refers to heap2.o(i._FDIterate) for _FDIterate
    heap2.o(i.___Heap_Valid$realtime) refers to heap2.o(.constdata) for .constdata
    heap2.o(i._free$realtime) refers to rt_heap_descriptor_intlibspace.o(.text) for __rt_heap_descriptor
    heap2.o(i._free$realtime) refers to fdtree.o(i._FDTree_Delete) for _FDTree_Delete
    heap2.o(i._free$realtime) refers to fdtree.o(i._FDTree_Insert) for _FDTree_Insert
    heap2.o(i._malloc$realtime) refers to rt_heap_descriptor_intlibspace.o(.text) for __rt_heap_descriptor
    heap2.o(i._malloc$realtime) refers to fdtree.o(i._FDTree_FindFirst) for _FDTree_FindFirst
    heap2.o(i._malloc$realtime) refers to init_alloc.o(.text) for __Heap_Full
    heap2.o(i._malloc$realtime) refers to fdtree.o(i._FDTree_RemoveNode) for _FDTree_RemoveNode
    heap2.o(i._malloc$realtime) refers to fdtree.o(i._FDTree_Insert) for _FDTree_Insert
    heap2.o(i._posix_memalign$realtime) refers to rt_heap_descriptor_intlibspace.o(.text) for __rt_heap_descriptor
    heap2.o(i._posix_memalign$realtime) refers to fdtree.o(i._FDTree_FindFirst) for _FDTree_FindFirst
    heap2.o(i._posix_memalign$realtime) refers to init_alloc.o(.text) for __Heap_Full
    heap2.o(i._posix_memalign$realtime) refers to fdtree.o(i._FDTree_RemoveNode) for _FDTree_RemoveNode
    heap2.o(i._posix_memalign$realtime) refers to fdtree.o(i._FDTree_Insert) for _FDTree_Insert
    heap2.o(i._realloc$realtime) refers to rt_heap_descriptor_intlibspace.o(.text) for __rt_heap_descriptor
    heap2.o(i._realloc$realtime) refers to h1_free.o(.text) for free
    heap2.o(i._realloc$realtime) refers to h1_alloc.o(.text) for malloc
    heap2.o(i._realloc$realtime) refers to fdtree.o(i._FDTree_Delete) for _FDTree_Delete
    heap2.o(i._realloc$realtime) refers to fdtree.o(i._FDTree_Insert) for _FDTree_Insert
    heap2.o(i._realloc$realtime) refers to rt_memcpy.o(.emb_text) for __aeabi_memcpy4
    heap2mt.o(i._FDIterate) refers to heap2mt.o(.constdata) for .constdata
    heap2mt.o(i.___Heap_ProvideMemory$realtime$concurrent) refers to fdtree.o(i._FDTree_Delete) for _FDTree_Delete
    heap2mt.o(i.___Heap_ProvideMemory$realtime$concurrent) refers to fdtree.o(i._FDTree_Insert) for _FDTree_Insert
    heap2mt.o(i.___Heap_Stats$realtime$concurrent) refers to heap2mt.o(i._Heap2_StatsIterate) for _Heap2_StatsIterate
    heap2mt.o(i.___Heap_Stats$realtime$concurrent) refers to aeabi_sdiv.o(.text) for __aeabi_uidivmod
    heap2mt.o(i.___Heap_Valid$realtime$concurrent) refers to heap2mt.o(i._FDIterate) for _FDIterate
    heap2mt.o(i.___Heap_Valid$realtime$concurrent) refers to heap2mt.o(.constdata) for .constdata
    heap2mt.o(i._free$realtime$concurrent) refers to rt_heap_descriptor_intlibspace.o(.text) for __rt_heap_descriptor
    heap2mt.o(i._free$realtime$concurrent) refers to fdtree.o(i._FDTree_Delete) for _FDTree_Delete
    heap2mt.o(i._free$realtime$concurrent) refers to fdtree.o(i._FDTree_Insert) for _FDTree_Insert
    heap2mt.o(i._malloc$realtime$concurrent) refers to rt_heap_descriptor_intlibspace.o(.text) for __rt_heap_descriptor
    heap2mt.o(i._malloc$realtime$concurrent) refers to fdtree.o(i._FDTree_FindFirst) for _FDTree_FindFirst
    heap2mt.o(i._malloc$realtime$concurrent) refers to init_alloc.o(.text) for __Heap_Full
    heap2mt.o(i._malloc$realtime$concurrent) refers to fdtree.o(i._FDTree_RemoveNode) for _FDTree_RemoveNode
    heap2mt.o(i._malloc$realtime$concurrent) refers to fdtree.o(i._FDTree_Insert) for _FDTree_Insert
    heap2mt.o(i._posix_memalign$realtime$concurrent) refers to rt_heap_descriptor_intlibspace.o(.text) for __rt_heap_descriptor
    heap2mt.o(i._posix_memalign$realtime$concurrent) refers to fdtree.o(i._FDTree_FindFirst) for _FDTree_FindFirst
    heap2mt.o(i._posix_memalign$realtime$concurrent) refers to init_alloc.o(.text) for __Heap_Full
    heap2mt.o(i._posix_memalign$realtime$concurrent) refers to fdtree.o(i._FDTree_RemoveNode) for _FDTree_RemoveNode
    heap2mt.o(i._posix_memalign$realtime$concurrent) refers to fdtree.o(i._FDTree_Insert) for _FDTree_Insert
    heap2mt.o(i._realloc$realtime$concurrent) refers to rt_heap_descriptor_intlibspace.o(.text) for __rt_heap_descriptor
    heap2mt.o(i._realloc$realtime$concurrent) refers to h1_free.o(.text) for free
    heap2mt.o(i._realloc$realtime$concurrent) refers to h1_alloc.o(.text) for malloc
    heap2mt.o(i._realloc$realtime$concurrent) refers to fdtree.o(i._FDTree_Delete) for _FDTree_Delete
    heap2mt.o(i._realloc$realtime$concurrent) refers to fdtree.o(i._FDTree_Insert) for _FDTree_Insert
    heap2mt.o(i._realloc$realtime$concurrent) refers to rt_memcpy.o(.emb_text) for __aeabi_memcpy4
    rt_memcpy.o(.text) refers to rt_memcpy.o(.emb_text) for __aeabi_memcpy4
    __main.o(!!!main) refers to rtentry.o(.ARM.Collect$$rtentry$$00000000) for __rt_entry
    rtentry.o(.ARM.Collect$$rtentry$$00000000) refers (Special) to rtentry2.o(.ARM.Collect$$rtentry$$0000000A) for __rt_entry_li
    rtentry.o(.ARM.Collect$$rtentry$$00000000) refers (Special) to rtentry2.o(.ARM.Collect$$rtentry$$0000000D) for __rt_entry_main
    rtentry.o(.ARM.Collect$$rtentry$$00000000) refers (Special) to rtentry2.o(.ARM.Collect$$rtentry$$0000000C) for __rt_entry_postli_1
    rtentry.o(.ARM.Collect$$rtentry$$00000000) refers (Special) to rtentry2.o(.ARM.Collect$$rtentry$$00000009) for __rt_entry_postsh_1
    rtentry.o(.ARM.Collect$$rtentry$$00000000) refers (Special) to rtentry2.o(.ARM.Collect$$rtentry$$00000002) for __rt_entry_presh_1
    rtentry.o(.ARM.Collect$$rtentry$$00000000) refers (Special) to rtentry4.o(.ARM.Collect$$rtentry$$00000004) for __rt_entry_sh
    rtentry.o(.ARM.exidx) refers (Special) to rtentry2.o(.ARM.Collect$$rtentry$$0000000A) for __rt_entry_li
    rtentry.o(.ARM.exidx) refers (Special) to rtentry2.o(.ARM.Collect$$rtentry$$0000000D) for __rt_entry_main
    rtentry.o(.ARM.exidx) refers (Special) to rtentry2.o(.ARM.Collect$$rtentry$$0000000C) for __rt_entry_postli_1
    rtentry.o(.ARM.exidx) refers (Special) to rtentry2.o(.ARM.Collect$$rtentry$$00000009) for __rt_entry_postsh_1
    rtentry.o(.ARM.exidx) refers (Special) to rtentry2.o(.ARM.Collect$$rtentry$$00000002) for __rt_entry_presh_1
    rtentry.o(.ARM.exidx) refers (Special) to rtentry4.o(.ARM.Collect$$rtentry$$00000004) for __rt_entry_sh
    rtentry.o(.ARM.exidx) refers to rtentry.o(.ARM.Collect$$rtentry$$00000000) for .ARM.Collect$$rtentry$$00000000
    aeabi_idiv0_sigfpe.o(.text) refers to rt_div0.o(.text) for __rt_div0
    rt_heap_descriptor.o(.text) refers to rt_heap_descriptor.o(.bss) for __rt_heap_descriptor_data
    rt_heap_descriptor_intlibspace.o(.text) refers to libspace.o(.bss) for __libspace_start
    init_alloc.o(.text) refers (Special) to hguard.o(.text) for __heap$guard
    init_alloc.o(.text) refers (Special) to libinit2.o(.ARM.Collect$$libinit$$00000001) for __rt_lib_init_heap_2
    init_alloc.o(.text) refers (Special) to maybetermalloc1.o(.emb_text) for _maybe_terminate_alloc
    init_alloc.o(.text) refers to h1_extend.o(.text) for __Heap_ProvideMemory
    init_alloc.o(.text) refers to defsig_rtmem_outer.o(.text) for __rt_SIGRTMEM
    init_alloc.o(.text) refers to rt_heap_descriptor_intlibspace.o(.text) for __rt_heap_descriptor
    init_alloc.o(.text) refers to h1_init.o(.text) for __Heap_Initialize
    _get_argv.o(.text) refers (Special) to hrguard.o(.text) for __heap_region$guard
    _get_argv.o(.text) refers to h1_alloc.o(.text) for malloc
    _get_argv.o(.text) refers to defsig_rtmem_outer.o(.text) for __rt_SIGRTMEM
    _get_argv.o(.text) refers to sys_command.o(.text) for _sys_command_string
    libinit2.o(.ARM.Collect$$libinit$$00000001) refers (Weak) to init_alloc.o(.text) for _init_alloc
    libinit2.o(.ARM.Collect$$libinit$$0000000C) refers to libinit2.o(.ARM.Collect$$libinit$$0000000B) for .ARM.Collect$$libinit$$0000000B
    libinit2.o(.ARM.Collect$$libinit$$0000000E) refers to libinit2.o(.ARM.Collect$$libinit$$0000000B) for .ARM.Collect$$libinit$$0000000B
    libinit2.o(.ARM.Collect$$libinit$$00000010) refers to libinit2.o(.ARM.Collect$$libinit$$0000000B) for .ARM.Collect$$libinit$$0000000B
    libinit2.o(.ARM.Collect$$libinit$$00000012) refers to libinit2.o(.ARM.Collect$$libinit$$0000000B) for .ARM.Collect$$libinit$$0000000B
    libinit2.o(.ARM.Collect$$libinit$$00000014) refers to libinit2.o(.ARM.Collect$$libinit$$0000000B) for .ARM.Collect$$libinit$$0000000B
    libinit2.o(.ARM.Collect$$libinit$$00000022) refers to argv_veneer.o(.text) for __ARM_argv_veneer
    libinit2.o(.ARM.Collect$$libinit$$00000023) refers to argv_veneer.o(.text) for __ARM_argv_veneer
    sys_command.o(.text) refers (Special) to use_no_semi.o(.text) for __I$use$semihosting
    libspace.o(.text) refers to libspace.o(.bss) for __libspace_start
    rtentry2.o(.ARM.Collect$$rtentry$$00000008) refers to boardinit2.o(.text) for _platform_post_stackheap_init
    rtentry2.o(.ARM.Collect$$rtentry$$0000000A) refers to libinit.o(.ARM.Collect$$libinit$$00000000) for __rt_lib_init
    rtentry2.o(.ARM.Collect$$rtentry$$0000000B) refers to boardinit3.o(.text) for _platform_post_lib_init
    rtentry2.o(.ARM.Collect$$rtentry$$0000000D) refers to main.o(.text) for main
    rtentry2.o(.ARM.Collect$$rtentry$$0000000D) refers to exit.o(.text) for exit
    rtentry2.o(.ARM.exidx) refers to rtentry2.o(.ARM.Collect$$rtentry$$00000001) for .ARM.Collect$$rtentry$$00000001
    rtentry2.o(.ARM.exidx) refers to rtentry2.o(.ARM.Collect$$rtentry$$00000002) for .ARM.Collect$$rtentry$$00000002
    rtentry2.o(.ARM.exidx) refers to rtentry2.o(.ARM.Collect$$rtentry$$00000008) for .ARM.Collect$$rtentry$$00000008
    rtentry2.o(.ARM.exidx) refers to rtentry2.o(.ARM.Collect$$rtentry$$00000009) for .ARM.Collect$$rtentry$$00000009
    rtentry2.o(.ARM.exidx) refers to rtentry2.o(.ARM.Collect$$rtentry$$0000000A) for .ARM.Collect$$rtentry$$0000000A
    rtentry2.o(.ARM.exidx) refers to rtentry2.o(.ARM.Collect$$rtentry$$0000000B) for .ARM.Collect$$rtentry$$0000000B
    rtentry2.o(.ARM.exidx) refers to rtentry2.o(.ARM.Collect$$rtentry$$0000000C) for .ARM.Collect$$rtentry$$0000000C
    rtentry2.o(.ARM.exidx) refers to rtentry2.o(.ARM.Collect$$rtentry$$0000000D) for .ARM.Collect$$rtentry$$0000000D
    rtentry4.o(.ARM.Collect$$rtentry$$00000004) refers to sys_stackheap_outer.o(.text) for __user_setup_stackheap
    rtentry4.o(.ARM.exidx) refers to rtentry4.o(.ARM.Collect$$rtentry$$00000004) for .ARM.Collect$$rtentry$$00000004
    rt_div0.o(.text) refers to defsig_fpe_outer.o(.text) for __rt_SIGFPE
    maybetermalloc2.o(.emb_text) refers (Special) to term_alloc.o(.text) for _terminate_alloc
    h1_extend.o(.text) refers to h1_free.o(.text) for free
    h1_extend_mt.o(.text) refers to h1_free_mt.o(.text) for _free_internal
    defsig_rtmem_outer.o(.text) refers to defsig_rtmem_inner.o(.text) for __rt_SIGRTMEM_inner
    defsig_rtmem_outer.o(.text) refers to defsig_exit.o(.text) for __sig_exit
    defsig_rtmem_formal.o(.text) refers to rt_raise.o(.text) for __rt_raise
    heapauxa.o(.text) refers to heapauxa.o(.data) for .data
    sys_stackheap_outer.o(.text) refers to libspace.o(.text) for __user_perproc_libspace
    sys_stackheap_outer.o(.text) refers to startup_lpc11xx.o(.text) for __user_initial_stackheap
    sys_stackheap_outer.o(__vectab_stack_and_reset_area) refers to tempstk.o(.text) for __temporary_stack_top
    sys_stackheap_outer.o(__vectab_stack_and_reset_area) refers to __main.o(!!!main) for __main
    rt_raise.o(.text) refers to __raise.o(.text) for __raise
    rt_raise.o(.text) refers to sys_exit.o(.text) for _sys_exit
    term_alloc.o(.text) refers (Special) to libshutdown2.o(.ARM.Collect$$libshutdown$$0000000D) for __rt_lib_shutdown_heap_2
    term_alloc.o(.text) refers to rt_heap_descriptor_intlibspace.o(.text) for __rt_heap_descriptor
    exit.o(.text) refers to rtexit.o(.ARM.Collect$$rtexit$$00000000) for __rt_exit
    defsig_exit.o(.text) refers to sys_exit.o(.text) for _sys_exit
    defsig_fpe_outer.o(.text) refers to defsig_fpe_inner.o(.text) for __rt_SIGFPE_inner
    defsig_fpe_outer.o(.text) refers to defsig_exit.o(.text) for __sig_exit
    defsig_fpe_formal.o(.text) refers to rt_raise.o(.text) for __rt_raise
    defsig_rtmem_inner.o(.text) refers to defsig_general.o(.text) for __default_signal_display
    _get_argv_nomalloc.o(.text) refers (Special) to hrguard.o(.text) for __heap_region$guard
    _get_argv_nomalloc.o(.text) refers to defsig_rtmem_outer.o(.text) for __rt_SIGRTMEM
    _get_argv_nomalloc.o(.text) refers to sys_command.o(.text) for _sys_command_string
    libinit.o(.ARM.Collect$$libinit$$00000000) refers (Special) to libinit2.o(.ARM.Collect$$libinit$$0000002A) for __rt_lib_init_alloca_1
    libinit.o(.ARM.Collect$$libinit$$00000000) refers (Special) to libinit2.o(.ARM.Collect$$libinit$$00000028) for __rt_lib_init_argv_1
    libinit.o(.ARM.Collect$$libinit$$00000000) refers (Special) to libinit2.o(.ARM.Collect$$libinit$$00000017) for __rt_lib_init_atexit_1
    libinit.o(.ARM.Collect$$libinit$$00000000) refers (Special) to libinit2.o(.ARM.Collect$$libinit$$0000001D) for __rt_lib_init_clock_1
    libinit.o(.ARM.Collect$$libinit$$00000000) refers (Special) to libinit2.o(.ARM.Collect$$libinit$$0000002E) for __rt_lib_init_cpp_1
    libinit.o(.ARM.Collect$$libinit$$00000000) refers (Special) to libinit2.o(.ARM.Collect$$libinit$$0000002C) for __rt_lib_init_exceptions_1
    libinit.o(.ARM.Collect$$libinit$$00000000) refers (Special) to libinit2.o(.ARM.Collect$$libinit$$0000001B) for __rt_lib_init_fp_trap_1
    libinit.o(.ARM.Collect$$libinit$$00000000) refers (Special) to libinit2.o(.ARM.Collect$$libinit$$0000001F) for __rt_lib_init_getenv_1
    libinit.o(.ARM.Collect$$libinit$$00000000) refers (Special) to libinit2.o(.ARM.Collect$$libinit$$00000006) for __rt_lib_init_heap_1
    libinit.o(.ARM.Collect$$libinit$$00000000) refers (Special) to libinit2.o(.ARM.Collect$$libinit$$0000000D) for __rt_lib_init_lc_collate_1
    libinit.o(.ARM.Collect$$libinit$$00000000) refers (Special) to libinit2.o(.ARM.Collect$$libinit$$0000000F) for __rt_lib_init_lc_ctype_1
    libinit.o(.ARM.Collect$$libinit$$00000000) refers (Special) to libinit2.o(.ARM.Collect$$libinit$$00000011) for __rt_lib_init_lc_monetary_1
    libinit.o(.ARM.Collect$$libinit$$00000000) refers (Special) to libinit2.o(.ARM.Collect$$libinit$$00000013) for __rt_lib_init_lc_numeric_1
    libinit.o(.ARM.Collect$$libinit$$00000000) refers (Special) to libinit2.o(.ARM.Collect$$libinit$$00000015) for __rt_lib_init_lc_time_1
    libinit.o(.ARM.Collect$$libinit$$00000000) refers (Special) to libinit2.o(.ARM.Collect$$libinit$$0000000A) for __rt_lib_init_rand_1
    libinit.o(.ARM.Collect$$libinit$$00000000) refers (Special) to libinit2.o(.ARM.Collect$$libinit$$0000002F) for __rt_lib_init_return
    libinit.o(.ARM.Collect$$libinit$$00000000) refers (Special) to libinit2.o(.ARM.Collect$$libinit$$00000019) for __rt_lib_init_signal_1
    libinit.o(.ARM.Collect$$libinit$$00000000) refers (Special) to libinit2.o(.ARM.Collect$$libinit$$00000021) for __rt_lib_init_stdio_1
    libinit.o(.ARM.Collect$$libinit$$00000000) refers (Special) to libinit2.o(.ARM.Collect$$libinit$$00000008) for __rt_lib_init_user_alloc_1
    sys_exit.o(.text) refers (Special) to use_no_semi.o(.text) for __I$use$semihosting
    rtexit.o(.ARM.Collect$$rtexit$$00000000) refers (Special) to rtexit2.o(.ARM.Collect$$rtexit$$00000004) for __rt_exit_exit
    rtexit.o(.ARM.Collect$$rtexit$$00000000) refers (Special) to rtexit2.o(.ARM.Collect$$rtexit$$00000003) for __rt_exit_ls
    rtexit.o(.ARM.Collect$$rtexit$$00000000) refers (Special) to rtexit2.o(.ARM.Collect$$rtexit$$00000002) for __rt_exit_prels_1
    rtexit.o(.ARM.exidx) refers (Special) to rtexit2.o(.ARM.Collect$$rtexit$$00000004) for __rt_exit_exit
    rtexit.o(.ARM.exidx) refers (Special) to rtexit2.o(.ARM.Collect$$rtexit$$00000003) for __rt_exit_ls
    rtexit.o(.ARM.exidx) refers (Special) to rtexit2.o(.ARM.Collect$$rtexit$$00000002) for __rt_exit_prels_1
    rtexit.o(.ARM.exidx) refers to rtexit.o(.ARM.Collect$$rtexit$$00000000) for .ARM.Collect$$rtexit$$00000000
    __raise.o(.text) refers to defsig.o(CL$$defsig) for __default_signal_handler
    defsig_general.o(.text) refers to sys_wrch.o(.text) for _ttywrch
    defsig_fpe_inner.o(.text) refers to defsig_general.o(.text) for __default_signal_display
    libshutdown2.o(.ARM.Collect$$libshutdown$$0000000C) refers (Weak) to term_alloc.o(.text) for _terminate_alloc
    sys_wrch.o(.text) refers (Special) to use_no_semi.o(.text) for __I$use$semihosting
    rtexit2.o(.ARM.Collect$$rtexit$$00000003) refers to libshutdown.o(.ARM.Collect$$libshutdown$$00000000) for __rt_lib_shutdown
    rtexit2.o(.ARM.Collect$$rtexit$$00000004) refers to sys_exit.o(.text) for _sys_exit
    rtexit2.o(.ARM.exidx) refers to rtexit2.o(.ARM.Collect$$rtexit$$00000001) for .ARM.Collect$$rtexit$$00000001
    rtexit2.o(.ARM.exidx) refers to rtexit2.o(.ARM.Collect$$rtexit$$00000002) for .ARM.Collect$$rtexit$$00000002
    rtexit2.o(.ARM.exidx) refers to rtexit2.o(.ARM.Collect$$rtexit$$00000003) for .ARM.Collect$$rtexit$$00000003
    rtexit2.o(.ARM.exidx) refers to rtexit2.o(.ARM.Collect$$rtexit$$00000004) for .ARM.Collect$$rtexit$$00000004
    defsig.o(CL$$defsig) refers to defsig_fpe_inner.o(.text) for __rt_SIGFPE_inner
    defsig.o(CL$$defsig) refers to defsig_rtmem_inner.o(.text) for __rt_SIGRTMEM_inner
    defsig_abrt_inner.o(.text) refers to defsig_general.o(.text) for __default_signal_display
    defsig_rtred_inner.o(.text) refers to defsig_general.o(.text) for __default_signal_display
    defsig_stak_inner.o(.text) refers to defsig_general.o(.text) for __default_signal_display
    defsig_pvfn_inner.o(.text) refers to defsig_general.o(.text) for __default_signal_display
    defsig_cppl_inner.o(.text) refers to defsig_general.o(.text) for __default_signal_display
    defsig_segv_inner.o(.text) refers to defsig_general.o(.text) for __default_signal_display
    defsig_other.o(.text) refers to defsig_general.o(.text) for __default_signal_display
    libshutdown.o(.ARM.Collect$$libshutdown$$00000000) refers (Special) to libshutdown2.o(.ARM.Collect$$libshutdown$$00000006) for __rt_lib_shutdown_fp_trap_1
    libshutdown.o(.ARM.Collect$$libshutdown$$00000000) refers (Special) to libshutdown2.o(.ARM.Collect$$libshutdown$$0000000E) for __rt_lib_shutdown_heap_1
    libshutdown.o(.ARM.Collect$$libshutdown$$00000000) refers (Special) to libshutdown2.o(.ARM.Collect$$libshutdown$$0000000F) for __rt_lib_shutdown_return
    libshutdown.o(.ARM.Collect$$libshutdown$$00000000) refers (Special) to libshutdown2.o(.ARM.Collect$$libshutdown$$00000009) for __rt_lib_shutdown_signal_1
    libshutdown.o(.ARM.Collect$$libshutdown$$00000000) refers (Special) to libshutdown2.o(.ARM.Collect$$libshutdown$$00000003) for __rt_lib_shutdown_stdio_1
    libshutdown.o(.ARM.Collect$$libshutdown$$00000000) refers (Special) to libshutdown2.o(.ARM.Collect$$libshutdown$$0000000B) for __rt_lib_shutdown_user_alloc_1


==============================================================================

Removing Unused input sections from the image.

    Removing main.o(.emb_text), (2 bytes).

1 unused section(s) (total 2 bytes) removed from the image.

==============================================================================

Image Symbol Table

    Local Symbols

    Symbol Name                              Value     Ov Type        Size  Object(Section)

    RESET                                    0x00000000   Section      192  startup_lpc11xx.o(RESET)
    ../../../cmprslib/zerorunl2.c            0x00000000   Number         0  __dczerorl2.o ABSOLUTE
    ../../angel/boardlib.s                   0x00000000   Number         0  boardshut.o ABSOLUTE
    ../../angel/boardlib.s                   0x00000000   Number         0  boardinit1.o ABSOLUTE
    ../../angel/boardlib.s                   0x00000000   Number         0  boardinit2.o ABSOLUTE
    ../../angel/boardlib.s                   0x00000000   Number         0  boardinit3.o ABSOLUTE
    ../../angel/handlers.s                   0x00000000   Number         0  __scatter_zi.o ABSOLUTE
    ../../angel/kernel.s                     0x00000000   Number         0  rtexit.o ABSOLUTE
    ../../angel/kernel.s                     0x00000000   Number         0  rtentry4.o ABSOLUTE
    ../../angel/kernel.s                     0x00000000   Number         0  rtentry2.o ABSOLUTE
    ../../angel/kernel.s                     0x00000000   Number         0  rtentry.o ABSOLUTE
    ../../angel/kernel.s                     0x00000000   Number         0  rtexit2.o ABSOLUTE
    ../../angel/rt.s                         0x00000000   Number         0  rt_div0.o ABSOLUTE
    ../../angel/rt.s                         0x00000000   Number         0  rt_raise.o ABSOLUTE
    ../../angel/rt.s                         0x00000000   Number         0  rt_heap_descriptor_intlibspace.o ABSOLUTE
    ../../angel/rt.s                         0x00000000   Number         0  rt_heap_descriptor.o ABSOLUTE
    ../../angel/rt.s                         0x00000000   Number         0  aeabi_idiv0_sigfpe.o ABSOLUTE
    ../../angel/rt.s                         0x00000000   Number         0  aeabi_idiv0.o ABSOLUTE
    ../../angel/scatterp.s                   0x00000000   Number         0  __scatter.o ABSOLUTE
    ../../angel/startup.s                    0x00000000   Number         0  __main.o ABSOLUTE
    ../../angel/sys.s                        0x00000000   Number         0  libspace.o ABSOLUTE
    ../../angel/sys.s                        0x00000000   Number         0  mutex_dummy.o ABSOLUTE
    ../../angel/sys.s                        0x00000000   Number         0  tempstk.o ABSOLUTE
    ../../angel/sys.s                        0x00000000   Number         0  sys_stackheap_outer.o ABSOLUTE
    ../../angel/sys.s                        0x00000000   Number         0  use_no_semi.o ABSOLUTE
    ../../angel/sysapp.c                     0x00000000   Number         0  sys_command.o ABSOLUTE
    ../../angel/sysapp.c                     0x00000000   Number         0  sys_wrch.o ABSOLUTE
    ../../angel/sysapp.c                     0x00000000   Number         0  sys_exit.o ABSOLUTE
    ../../armsys.c                           0x00000000   Number         0  argv_veneer.o ABSOLUTE
    ../../armsys.c                           0x00000000   Number         0  no_argv.o ABSOLUTE
    ../../armsys.c                           0x00000000   Number         0  _get_argv_nomalloc.o ABSOLUTE
    ../../armsys.c                           0x00000000   Number         0  _get_argv.o ABSOLUTE
    ../../cfplib/fpinit.c                    0x00000000   Number         0  fpinit.o ABSOLUTE
    ../../division.s                         0x00000000   Number         0  aeabi_sdiv_div0.o ABSOLUTE
    ../../division.s                         0x00000000   Number         0  aeabi_sdiv.o ABSOLUTE
    ../../heap1.c                            0x00000000   Number         0  h1_init_mt.o ABSOLUTE
    ../../heap1.c                            0x00000000   Number         0  h1_alloc.o ABSOLUTE
    ../../heap1.c                            0x00000000   Number         0  h1_init.o ABSOLUTE
    ../../heap1.c                            0x00000000   Number         0  h1_free.o ABSOLUTE
    ../../heap1.c                            0x00000000   Number         0  h1_final.o ABSOLUTE
    ../../heap1.c                            0x00000000   Number         0  h1_alloc_mt.o ABSOLUTE
    ../../heap1.c                            0x00000000   Number         0  h1_extend.o ABSOLUTE
    ../../heap1.c                            0x00000000   Number         0  h1_final_mt.o ABSOLUTE
    ../../heap1.c                            0x00000000   Number         0  h1_free_mt.o ABSOLUTE
    ../../heap1.c                            0x00000000   Number         0  h1_extend_mt.o ABSOLUTE
    ../../heap2.c                            0x00000000   Number         0  fdtree.o ABSOLUTE
    ../../heap2.c                            0x00000000   Number         0  heap2mt.o ABSOLUTE
    ../../heap2.c                            0x00000000   Number         0  heap2.o ABSOLUTE
    ../../heapalloc.c                        0x00000000   Number         0  free.o ABSOLUTE
    ../../heapalloc.c                        0x00000000   Number         0  term_alloc.o ABSOLUTE
    ../../heapalloc.c                        0x00000000   Number         0  hguard.o ABSOLUTE
    ../../heapalloc.c                        0x00000000   Number         0  init_alloc.o ABSOLUTE
    ../../heapalloc.c                        0x00000000   Number         0  heapstubs.o ABSOLUTE
    ../../heapalloc.c                        0x00000000   Number         0  malloc.o ABSOLUTE
    ../../heapalloc.c                        0x00000000   Number         0  maybetermalloc2.o ABSOLUTE
    ../../heapalloc.c                        0x00000000   Number         0  maybetermalloc2.o ABSOLUTE
    ../../heapalloc.c                        0x00000000   Number         0  maybetermalloc1.o ABSOLUTE
    ../../heapalloc.c                        0x00000000   Number         0  maybetermalloc1.o ABSOLUTE
    ../../heapalloc.c                        0x00000000   Number         0  hrguard.o ABSOLUTE
    ../../heapaux.c                          0x00000000   Number         0  heapauxi.o ABSOLUTE
    ../../heapaux.c                          0x00000000   Number         0  heapauxa.o ABSOLUTE
    ../../libinit.s                          0x00000000   Number         0  libshutdown.o ABSOLUTE
    ../../libinit.s                          0x00000000   Number         0  libshutdown2.o ABSOLUTE
    ../../libinit.s                          0x00000000   Number         0  libinit2.o ABSOLUTE
    ../../libinit.s                          0x00000000   Number         0  libinit.o ABSOLUTE
    ../../memcpset.c                         0x00000000   Number         0  rt_memcpy.o ABSOLUTE
    ../../memcpset.c                         0x00000000   Number         0  rt_memcpy.o ABSOLUTE
    ../../signal.c                           0x00000000   Number         0  defsig_pvfn_inner.o ABSOLUTE
    ../../signal.c                           0x00000000   Number         0  defsig_cppl_inner.o ABSOLUTE
    ../../signal.c                           0x00000000   Number         0  defsig_exit.o ABSOLUTE
    ../../signal.c                           0x00000000   Number         0  __raise.o ABSOLUTE
    ../../signal.c                           0x00000000   Number         0  defsig_segv_inner.o ABSOLUTE
    ../../signal.c                           0x00000000   Number         0  defsig_other.o ABSOLUTE
    ../../signal.c                           0x00000000   Number         0  defsig_general.o ABSOLUTE
    ../../signal.c                           0x00000000   Number         0  defsig_fpe_inner.o ABSOLUTE
    ../../signal.c                           0x00000000   Number         0  defsig_rtmem_inner.o ABSOLUTE
    ../../signal.c                           0x00000000   Number         0  defsig_rtmem_formal.o ABSOLUTE
    ../../signal.c                           0x00000000   Number         0  defsig_rtmem_outer.o ABSOLUTE
    ../../signal.c                           0x00000000   Number         0  defsig_fpe_formal.o ABSOLUTE
    ../../signal.c                           0x00000000   Number         0  defsig_abrt_inner.o ABSOLUTE
    ../../signal.c                           0x00000000   Number         0  defsig_fpe_outer.o ABSOLUTE
    ../../signal.c                           0x00000000   Number         0  defsig_rtred_inner.o ABSOLUTE
    ../../signal.c                           0x00000000   Number         0  defsig_stak_inner.o ABSOLUTE
    ../../signal.s                           0x00000000   Number         0  defsig.o ABSOLUTE
    ../../stdlib.c                           0x00000000   Number         0  exit.o ABSOLUTE
    CAN\CAN_API.c                            0x00000000   Number         0  can_api.o ABSOLUTE
    CM0\core_cm0.c                           0x00000000   Number         0  core_cm0.o ABSOLUTE
    LPC11xx\startup\startup_LPC11xx.s        0x00000000   Number         0  startup_lpc11xx.o ABSOLUTE
    LPC11xx\system_LPC11xx.c                 0x00000000   Number         0  system_lpc11xx.o ABSOLUTE
    USER_CODE\E2PROM.c                       0x00000000   Number         0  e2prom.o ABSOLUTE
    USER_CODE\\main.c                        0x00000000   Number         0  main.o ABSOLUTE
    USER_CODE\buffer.c                       0x00000000   Number         0  buffer.o ABSOLUTE
    USER_CODE\main.c                         0x00000000   Number         0  main.o ABSOLUTE
    dc.s                                     0x00000000   Number         0  dc.o ABSOLUTE
    !!!main                                  0x000000c0   Section        8  __main.o(!!!main)
    !!!scatter                               0x000000c8   Section       60  __scatter.o(!!!scatter)
    !!handler_zi                             0x00000104   Section       28  __scatter_zi.o(!!handler_zi)
    .ARM.Collect$$libinit$$00000000          0x00000120   Section        6  libinit.o(.ARM.Collect$$libinit$$00000000)
    .ARM.Collect$$libinit$$00000001          0x00000126   Section        8  libinit2.o(.ARM.Collect$$libinit$$00000001)
    .ARM.Collect$$libinit$$00000006          0x0000012e   Section        0  libinit2.o(.ARM.Collect$$libinit$$00000006)
    .ARM.Collect$$libinit$$00000008          0x0000012e   Section        0  libinit2.o(.ARM.Collect$$libinit$$00000008)
    .ARM.Collect$$libinit$$0000000A          0x0000012e   Section        0  libinit2.o(.ARM.Collect$$libinit$$0000000A)
    .ARM.Collect$$libinit$$0000000D          0x0000012e   Section        0  libinit2.o(.ARM.Collect$$libinit$$0000000D)
    .ARM.Collect$$libinit$$0000000F          0x0000012e   Section        0  libinit2.o(.ARM.Collect$$libinit$$0000000F)
    .ARM.Collect$$libinit$$00000011          0x0000012e   Section        0  libinit2.o(.ARM.Collect$$libinit$$00000011)
    .ARM.Collect$$libinit$$00000013          0x0000012e   Section        0  libinit2.o(.ARM.Collect$$libinit$$00000013)
    .ARM.Collect$$libinit$$00000015          0x0000012e   Section        0  libinit2.o(.ARM.Collect$$libinit$$00000015)
    .ARM.Collect$$libinit$$00000017          0x0000012e   Section        0  libinit2.o(.ARM.Collect$$libinit$$00000017)
    .ARM.Collect$$libinit$$00000019          0x0000012e   Section        0  libinit2.o(.ARM.Collect$$libinit$$00000019)
    .ARM.Collect$$libinit$$0000001B          0x0000012e   Section        0  libinit2.o(.ARM.Collect$$libinit$$0000001B)
    .ARM.Collect$$libinit$$0000001D          0x0000012e   Section        0  libinit2.o(.ARM.Collect$$libinit$$0000001D)
    .ARM.Collect$$libinit$$0000001F          0x0000012e   Section        0  libinit2.o(.ARM.Collect$$libinit$$0000001F)
    .ARM.Collect$$libinit$$00000021          0x0000012e   Section        0  libinit2.o(.ARM.Collect$$libinit$$00000021)
    .ARM.Collect$$libinit$$00000028          0x0000012e   Section        0  libinit2.o(.ARM.Collect$$libinit$$00000028)
    .ARM.Collect$$libinit$$0000002A          0x0000012e   Section        0  libinit2.o(.ARM.Collect$$libinit$$0000002A)
    .ARM.Collect$$libinit$$0000002C          0x0000012e   Section        0  libinit2.o(.ARM.Collect$$libinit$$0000002C)
    .ARM.Collect$$libinit$$0000002E          0x0000012e   Section        0  libinit2.o(.ARM.Collect$$libinit$$0000002E)
    .ARM.Collect$$libinit$$0000002F          0x0000012e   Section        2  libinit2.o(.ARM.Collect$$libinit$$0000002F)
    .ARM.Collect$$libshutdown$$00000000      0x00000130   Section        2  libshutdown.o(.ARM.Collect$$libshutdown$$00000000)
    .ARM.Collect$$libshutdown$$00000003      0x00000132   Section        0  libshutdown2.o(.ARM.Collect$$libshutdown$$00000003)
    .ARM.Collect$$libshutdown$$00000006      0x00000132   Section        0  libshutdown2.o(.ARM.Collect$$libshutdown$$00000006)
    .ARM.Collect$$libshutdown$$00000009      0x00000132   Section        0  libshutdown2.o(.ARM.Collect$$libshutdown$$00000009)
    .ARM.Collect$$libshutdown$$0000000B      0x00000132   Section        0  libshutdown2.o(.ARM.Collect$$libshutdown$$0000000B)
    .ARM.Collect$$libshutdown$$0000000E      0x00000132   Section        0  libshutdown2.o(.ARM.Collect$$libshutdown$$0000000E)
    .ARM.Collect$$libshutdown$$0000000F      0x00000132   Section        2  libshutdown2.o(.ARM.Collect$$libshutdown$$0000000F)
    .ARM.Collect$$rtentry$$00000000          0x00000134   Section        0  rtentry.o(.ARM.Collect$$rtentry$$00000000)
    .ARM.Collect$$rtentry$$00000002          0x00000134   Section        0  rtentry2.o(.ARM.Collect$$rtentry$$00000002)
    .ARM.Collect$$rtentry$$00000004          0x00000134   Section        6  rtentry4.o(.ARM.Collect$$rtentry$$00000004)
    .ARM.Collect$$rtentry$$00000009          0x0000013a   Section        0  rtentry2.o(.ARM.Collect$$rtentry$$00000009)
    .ARM.Collect$$rtentry$$0000000A          0x0000013a   Section        4  rtentry2.o(.ARM.Collect$$rtentry$$0000000A)
    .ARM.Collect$$rtentry$$0000000C          0x0000013e   Section        0  rtentry2.o(.ARM.Collect$$rtentry$$0000000C)
    .ARM.Collect$$rtentry$$0000000D          0x0000013e   Section        8  rtentry2.o(.ARM.Collect$$rtentry$$0000000D)
    .ARM.Collect$$rtexit$$00000000           0x00000146   Section        2  rtexit.o(.ARM.Collect$$rtexit$$00000000)
    .ARM.Collect$$rtexit$$00000002           0x00000148   Section        0  rtexit2.o(.ARM.Collect$$rtexit$$00000002)
    .ARM.Collect$$rtexit$$00000003           0x00000148   Section        4  rtexit2.o(.ARM.Collect$$rtexit$$00000003)
    .ARM.Collect$$rtexit$$00000004           0x0000014c   Section        6  rtexit2.o(.ARM.Collect$$rtexit$$00000004)
    .emb_text                                0x00000154   Section       56  rt_memcpy.o(.emb_text)
    .emb_text                                0x0000018c   Section        0  maybetermalloc1.o(.emb_text)
    .text                                    0x0000018c   Section        0  system_lpc11xx.o(.text)
    .text                                    0x00000408   Section       56  startup_lpc11xx.o(.text)
    .text                                    0x00000440   Section        0  main.o(.text)
    NVIC_SetPriority                         0x00000441   Thumb Code   110  main.o(.text)
    NVIC_EnableIRQ                           0x00000c21   Thumb Code    14  main.o(.text)
    .text                                    0x00000c58   Section        0  buffer.o(.text)
    .text                                    0x00000ebc   Section        0  e2prom.o(.text)
    .text                                    0x00001144   Section        0  can_api.o(.text)
    .text                                    0x000011e4   Section        0  h1_alloc.o(.text)
    .text                                    0x0000124c   Section        0  h1_free.o(.text)
    .text                                    0x00001298   Section      346  aeabi_sdiv.o(.text)
    .text                                    0x000013f2   Section        0  heapauxi.o(.text)
    .text                                    0x000013f8   Section       12  rt_heap_descriptor_intlibspace.o(.text)
    .text                                    0x00001404   Section        0  hguard.o(.text)
    .text                                    0x00001408   Section        0  init_alloc.o(.text)
    .text                                    0x00001490   Section        0  h1_init.o(.text)
    .text                                    0x000014a0   Section        8  libspace.o(.text)
    .text                                    0x000014a8   Section        0  h1_extend.o(.text)
    .text                                    0x000014dc   Section        0  defsig_rtmem_outer.o(.text)
    .text                                    0x000014e8   Section        2  use_no_semi.o(.text)
    .text                                    0x000014ea   Section       62  sys_stackheap_outer.o(.text)
    .text                                    0x00001528   Section        0  exit.o(.text)
    .text                                    0x00001534   Section        0  defsig_exit.o(.text)
    .text                                    0x00001540   Section        0  defsig_rtmem_inner.o(.text)
    .text                                    0x0000158c   Section        0  sys_exit.o(.text)
    .text                                    0x00001598   Section        0  defsig_general.o(.text)
    .text                                    0x000015cc   Section        0  sys_wrch.o(.text)
    .text                                    0x000015d8   Section        0  __dczerorl2.o(.text)
    i.__ARM_common_switch8                   0x0000162e   Section        0  system_lpc11xx.o(i.__ARM_common_switch8)
    .constdata                               0x00001648   Section       32  can_api.o(.constdata)
    .data                                    0x100000bc   Section        4  system_lpc11xx.o(.data)
    .data                                    0x100000c0   Section       16  main.o(.data)
    i                                        0x100000c4   Data           4  main.o(.data)
    .data                                    0x100000d0   Section     4048  buffer.o(.data)
    .data                                    0x100010a0   Section        4  e2prom.o(.data)
    .data                                    0x100010a4   Section      128  can_api.o(.data)
    .bss                                     0x10001124   Section       57  main.o(.bss)
    .bss                                     0x10001160   Section       64  e2prom.o(.bss)
    .bss                                     0x100011a0   Section      120  can_api.o(.bss)
    .bss                                     0x10001218   Section       96  libspace.o(.bss)
    HEAP                                     0x10001278   Section      512  startup_lpc11xx.o(HEAP)
    Heap_Mem                                 0x10001278   Data         512  startup_lpc11xx.o(HEAP)
    STACK                                    0x10001478   Section      512  startup_lpc11xx.o(STACK)
    Stack_Mem                                0x10001478   Data         512  startup_lpc11xx.o(STACK)
    __initial_sp                             0x10001678   Data           0  startup_lpc11xx.o(STACK)

    Global Symbols

    Symbol Name                              Value     Ov Type        Size  Object(Section)

    BuildAttributes$$THM_ISAv3M$S$PE$A:L22$X:L11$S22$IEEE1$IW$USESV6$~STKCKD$USESV7$~SHL$OTIME$ROPI$EBA8$UX$STANDARDLIB$REQ8$PRES8$EABIv2 0x00000000   Number         0  anon$$obj.o ABSOLUTE
    __ARM_use_no_argv                        0x00000000   Number         0  main.o ABSOLUTE
    __Vectors                                0x00000000   Data           4  startup_lpc11xx.o(RESET)
    __ARM_exceptions_init                     - Undefined Weak Reference
    __alloca_initialize                       - Undefined Weak Reference
    __cpp_initialize__aeabi_                  - Undefined Weak Reference
    __cxa_finalize                            - Undefined Weak Reference
    __rt_locale                               - Undefined Weak Reference
    __sigvec_lookup                           - Undefined Weak Reference
    __user_heap_extent                        - Undefined Weak Reference
    _atexit_init                              - Undefined Weak Reference
    _call_atexit_fns                          - Undefined Weak Reference
    _clock_init                               - Undefined Weak Reference
    _fp_trap_init                             - Undefined Weak Reference
    _fp_trap_shutdown                         - Undefined Weak Reference
    _get_lc_collate                           - Undefined Weak Reference
    _get_lc_ctype                             - Undefined Weak Reference
    _get_lc_monetary                          - Undefined Weak Reference
    _get_lc_numeric                           - Undefined Weak Reference
    _get_lc_time                              - Undefined Weak Reference
    _getenv_init                              - Undefined Weak Reference
    _handle_redirection                       - Undefined Weak Reference
    _initio                                   - Undefined Weak Reference
    _mutex_acquire                            - Undefined Weak Reference
    _mutex_free                               - Undefined Weak Reference
    _mutex_release                            - Undefined Weak Reference
    _rand_init                                - Undefined Weak Reference
    _signal_finish                            - Undefined Weak Reference
    _signal_init                              - Undefined Weak Reference
    _terminateio                              - Undefined Weak Reference
    __main                                   0x000000c1   Thumb Code     8  __main.o(!!!main)
    __scatterload                            0x000000c9   Thumb Code     0  __scatter.o(!!!scatter)
    __scatterload_rt2                        0x000000c9   Thumb Code    52  __scatter.o(!!!scatter)
    __scatterload_rt2_thumb_only             0x000000c9   Thumb Code     0  __scatter.o(!!!scatter)
    __scatterload_null                       0x000000d9   Thumb Code     0  __scatter.o(!!!scatter)
    __scatterload_zeroinit                   0x00000105   Thumb Code    28  __scatter_zi.o(!!handler_zi)
    __rt_lib_init                            0x00000121   Thumb Code     0  libinit.o(.ARM.Collect$$libinit$$00000000)
    __rt_lib_init_heap_2                     0x00000127   Thumb Code     0  libinit2.o(.ARM.Collect$$libinit$$00000001)
    __rt_lib_init_alloca_1                   0x0000012f   Thumb Code     0  libinit2.o(.ARM.Collect$$libinit$$0000002A)
    __rt_lib_init_argv_1                     0x0000012f   Thumb Code     0  libinit2.o(.ARM.Collect$$libinit$$00000028)
    __rt_lib_init_atexit_1                   0x0000012f   Thumb Code     0  libinit2.o(.ARM.Collect$$libinit$$00000017)
    __rt_lib_init_clock_1                    0x0000012f   Thumb Code     0  libinit2.o(.ARM.Collect$$libinit$$0000001D)
    __rt_lib_init_cpp_1                      0x0000012f   Thumb Code     0  libinit2.o(.ARM.Collect$$libinit$$0000002E)
    __rt_lib_init_exceptions_1               0x0000012f   Thumb Code     0  libinit2.o(.ARM.Collect$$libinit$$0000002C)
    __rt_lib_init_fp_trap_1                  0x0000012f   Thumb Code     0  libinit2.o(.ARM.Collect$$libinit$$0000001B)
    __rt_lib_init_getenv_1                   0x0000012f   Thumb Code     0  libinit2.o(.ARM.Collect$$libinit$$0000001F)
    __rt_lib_init_heap_1                     0x0000012f   Thumb Code     0  libinit2.o(.ARM.Collect$$libinit$$00000006)
    __rt_lib_init_lc_collate_1               0x0000012f   Thumb Code     0  libinit2.o(.ARM.Collect$$libinit$$0000000D)
    __rt_lib_init_lc_ctype_1                 0x0000012f   Thumb Code     0  libinit2.o(.ARM.Collect$$libinit$$0000000F)
    __rt_lib_init_lc_monetary_1              0x0000012f   Thumb Code     0  libinit2.o(.ARM.Collect$$libinit$$00000011)
    __rt_lib_init_lc_numeric_1               0x0000012f   Thumb Code     0  libinit2.o(.ARM.Collect$$libinit$$00000013)
    __rt_lib_init_lc_time_1                  0x0000012f   Thumb Code     0  libinit2.o(.ARM.Collect$$libinit$$00000015)
    __rt_lib_init_rand_1                     0x0000012f   Thumb Code     0  libinit2.o(.ARM.Collect$$libinit$$0000000A)
    __rt_lib_init_return                     0x0000012f   Thumb Code     0  libinit2.o(.ARM.Collect$$libinit$$0000002F)
    __rt_lib_init_signal_1                   0x0000012f   Thumb Code     0  libinit2.o(.ARM.Collect$$libinit$$00000019)
    __rt_lib_init_stdio_1                    0x0000012f   Thumb Code     0  libinit2.o(.ARM.Collect$$libinit$$00000021)
    __rt_lib_init_user_alloc_1               0x0000012f   Thumb Code     0  libinit2.o(.ARM.Collect$$libinit$$00000008)
    __rt_lib_shutdown                        0x00000131   Thumb Code     0  libshutdown.o(.ARM.Collect$$libshutdown$$00000000)
    __rt_lib_shutdown_fp_trap_1              0x00000133   Thumb Code     0  libshutdown2.o(.ARM.Collect$$libshutdown$$00000006)
    __rt_lib_shutdown_heap_1                 0x00000133   Thumb Code     0  libshutdown2.o(.ARM.Collect$$libshutdown$$0000000E)
    __rt_lib_shutdown_return                 0x00000133   Thumb Code     0  libshutdown2.o(.ARM.Collect$$libshutdown$$0000000F)
    __rt_lib_shutdown_signal_1               0x00000133   Thumb Code     0  libshutdown2.o(.ARM.Collect$$libshutdown$$00000009)
    __rt_lib_shutdown_stdio_1                0x00000133   Thumb Code     0  libshutdown2.o(.ARM.Collect$$libshutdown$$00000003)
    __rt_lib_shutdown_user_alloc_1           0x00000133   Thumb Code     0  libshutdown2.o(.ARM.Collect$$libshutdown$$0000000B)
    __rt_entry                               0x00000135   Thumb Code     0  rtentry.o(.ARM.Collect$$rtentry$$00000000)
    __rt_entry_presh_1                       0x00000135   Thumb Code     0  rtentry2.o(.ARM.Collect$$rtentry$$00000002)
    __rt_entry_sh                            0x00000135   Thumb Code     0  rtentry4.o(.ARM.Collect$$rtentry$$00000004)
    __rt_entry_li                            0x0000013b   Thumb Code     0  rtentry2.o(.ARM.Collect$$rtentry$$0000000A)
    __rt_entry_postsh_1                      0x0000013b   Thumb Code     0  rtentry2.o(.ARM.Collect$$rtentry$$00000009)
    __rt_entry_main                          0x0000013f   Thumb Code     0  rtentry2.o(.ARM.Collect$$rtentry$$0000000D)
    __rt_entry_postli_1                      0x0000013f   Thumb Code     0  rtentry2.o(.ARM.Collect$$rtentry$$0000000C)
    __rt_exit                                0x00000147   Thumb Code     0  rtexit.o(.ARM.Collect$$rtexit$$00000000)
    __rt_exit_ls                             0x00000149   Thumb Code     0  rtexit2.o(.ARM.Collect$$rtexit$$00000003)
    __rt_exit_prels_1                        0x00000149   Thumb Code     0  rtexit2.o(.ARM.Collect$$rtexit$$00000002)
    __rt_exit_exit                           0x0000014d   Thumb Code     0  rtexit2.o(.ARM.Collect$$rtexit$$00000004)
    __aeabi_memcpy4                          0x00000155   Thumb Code    56  rt_memcpy.o(.emb_text)
    __aeabi_memcpy8                          0x00000155   Thumb Code     0  rt_memcpy.o(.emb_text)
    SystemFrequencyUpdate                    0x0000018d   Thumb Code   394  system_lpc11xx.o(.text)
    _maybe_terminate_alloc                   0x0000018d   Thumb Code     0  maybetermalloc1.o(.emb_text)
    SystemInit                               0x00000317   Thumb Code   158  system_lpc11xx.o(.text)
    Reset_Handler                            0x00000409   Thumb Code     4  startup_lpc11xx.o(.text)
    NMI_Handler                              0x0000040d   Thumb Code     2  startup_lpc11xx.o(.text)
    HardFault_Handler                        0x0000040f   Thumb Code     2  startup_lpc11xx.o(.text)
    MemManage_Handler                        0x00000411   Thumb Code     2  startup_lpc11xx.o(.text)
    BusFault_Handler                         0x00000413   Thumb Code     2  startup_lpc11xx.o(.text)
    UsageFault_Handler                       0x00000415   Thumb Code     2  startup_lpc11xx.o(.text)
    SVC_Handler                              0x00000417   Thumb Code     2  startup_lpc11xx.o(.text)
    DebugMon_Handler                         0x00000419   Thumb Code     2  startup_lpc11xx.o(.text)
    PendSV_Handler                           0x0000041b   Thumb Code     2  startup_lpc11xx.o(.text)
    SysTick_Handler                          0x0000041d   Thumb Code     2  startup_lpc11xx.o(.text)
    ADC_IRQHandler                           0x0000041f   Thumb Code     0  startup_lpc11xx.o(.text)
    BOD_IRQHandler                           0x0000041f   Thumb Code     0  startup_lpc11xx.o(.text)
    FMC_IRQHandler                           0x0000041f   Thumb Code     0  startup_lpc11xx.o(.text)
    I2C_IRQHandler                           0x0000041f   Thumb Code     0  startup_lpc11xx.o(.text)
    PIOINT0_IRQHandler                       0x0000041f   Thumb Code     0  startup_lpc11xx.o(.text)
    PIOINT1_IRQHandler                       0x0000041f   Thumb Code     0  startup_lpc11xx.o(.text)
    PIOINT2_IRQHandler                       0x0000041f   Thumb Code     0  startup_lpc11xx.o(.text)
    PIOINT3_IRQHandler                       0x0000041f   Thumb Code     0  startup_lpc11xx.o(.text)
    SSP0_IRQHandler                          0x0000041f   Thumb Code     0  startup_lpc11xx.o(.text)
    SSP1_IRQHandler                          0x0000041f   Thumb Code     0  startup_lpc11xx.o(.text)
    TIMER16_1_IRQHandler                     0x0000041f   Thumb Code     0  startup_lpc11xx.o(.text)
    TIMER32_0_IRQHandler                     0x0000041f   Thumb Code     0  startup_lpc11xx.o(.text)
    TIMER32_1_IRQHandler                     0x0000041f   Thumb Code     0  startup_lpc11xx.o(.text)
    USB_FIQHandler                           0x0000041f   Thumb Code     0  startup_lpc11xx.o(.text)
    USB_IRQHandler                           0x0000041f   Thumb Code     0  startup_lpc11xx.o(.text)
    WAKEUP_IRQHandler                        0x0000041f   Thumb Code     0  startup_lpc11xx.o(.text)
    WDT_IRQHandler                           0x0000041f   Thumb Code     0  startup_lpc11xx.o(.text)
    __user_initial_stackheap                 0x00000421   Thumb Code     0  startup_lpc11xx.o(.text)
    delay_ms                                 0x000004af   Thumb Code    28  main.o(.text)
    TIMER16_0_IRQHandler                     0x000004cb   Thumb Code    68  main.o(.text)
    timer0Init                               0x0000050f   Thumb Code    62  main.o(.text)
    GPIOInit                                 0x0000054d   Thumb Code    38  main.o(.text)
    CANInit                                  0x00000573   Thumb Code   190  main.o(.text)
    uartInit                                 0x00000631   Thumb Code   156  main.o(.text)
    uartSendByte                             0x000006cd   Thumb Code    18  main.o(.text)
    uartSendStr                              0x000006df   Thumb Code    26  main.o(.text)
    UART_IRQHandler                          0x000006f9   Thumb Code   172  main.o(.text)
    senduartframe                            0x000007a5   Thumb Code   236  main.o(.text)
    receiveuartframe                         0x00000891   Thumb Code   680  main.o(.text)
    main                                     0x00000b39   Thumb Code   232  main.o(.text)
    new_can_buffer                           0x00000c59   Thumb Code    44  buffer.o(.text)
    is_can_buffer_empty                      0x00000c85   Thumb Code    18  buffer.o(.text)
    get_can_buffer                           0x00000c97   Thumb Code    56  buffer.o(.text)
    is_can_buffer_full                       0x00000ccf   Thumb Code    28  buffer.o(.text)
    put_can_buffer                           0x00000ceb   Thumb Code    62  buffer.o(.text)
    new_byte_buffer                          0x00000d29   Thumb Code    32  buffer.o(.text)
    is_byte_buffer_empty                     0x00000d49   Thumb Code    18  buffer.o(.text)
    get_byte_buffer                          0x00000d5b   Thumb Code    46  buffer.o(.text)
    is_byte_buffer_full                      0x00000d89   Thumb Code    28  buffer.o(.text)
    put_byte_buffer                          0x00000da5   Thumb Code    52  buffer.o(.text)
    new_arry_buffer                          0x00000dd9   Thumb Code    40  buffer.o(.text)
    is_arry_buffer_empty                     0x00000e01   Thumb Code    18  buffer.o(.text)
    get_arry_buffer                          0x00000e13   Thumb Code    64  buffer.o(.text)
    is_arry_buffer_full                      0x00000e53   Thumb Code    28  buffer.o(.text)
    put_arry_buffer                          0x00000e6f   Thumb Code    70  buffer.o(.text)
    sectorPrepare                            0x00000ebd   Thumb Code    32  e2prom.o(.text)
    ramCopy                                  0x00000edd   Thumb Code    42  e2prom.o(.text)
    sectorErase                              0x00000f07   Thumb Code    38  e2prom.o(.text)
    blankChk                                 0x00000f2d   Thumb Code    32  e2prom.o(.text)
    parIdRead                                0x00000f4d   Thumb Code    24  e2prom.o(.text)
    codeIdBoot                               0x00000f65   Thumb Code    24  e2prom.o(.text)
    dataCompare                              0x00000f7d   Thumb Code    36  e2prom.o(.text)
    eepromWrite                              0x00000fa1   Thumb Code   126  e2prom.o(.text)
    eepromRead                               0x0000101f   Thumb Code    28  e2prom.o(.text)
    eepromWriteNByte                         0x0000103b   Thumb Code   250  e2prom.o(.text)
    CAN_IRQHandler                           0x00001145   Thumb Code    16  can_api.o(.text)
    GetCheckNum                              0x00001155   Thumb Code    46  can_api.o(.text)
    CAN_rx                                   0x00001183   Thumb Code    38  can_api.o(.text)
    CAN_tx                                   0x000011a9   Thumb Code     4  can_api.o(.text)
    CAN_error                                0x000011ad   Thumb Code     2  can_api.o(.text)
    CANOPEN_sdo_exp_read                     0x000011af   Thumb Code     6  can_api.o(.text)
    CANOPEN_sdo_exp_write                    0x000011b5   Thumb Code     6  can_api.o(.text)
    CANOPEN_sdo_seg_read                     0x000011bb   Thumb Code    12  can_api.o(.text)
    CANOPEN_sdo_seg_write                    0x000011c7   Thumb Code    12  can_api.o(.text)
    CANOPEN_sdo_req                          0x000011d3   Thumb Code     8  can_api.o(.text)
    malloc                                   0x000011e5   Thumb Code   104  h1_alloc.o(.text)
    free                                     0x0000124d   Thumb Code    76  h1_free.o(.text)
    __aeabi_uidiv                            0x00001299   Thumb Code     0  aeabi_sdiv.o(.text)
    __aeabi_uidivmod                         0x00001299   Thumb Code    20  aeabi_sdiv.o(.text)
    __aeabi_idiv                             0x000012ad   Thumb Code     0  aeabi_sdiv.o(.text)
    __aeabi_idivmod                          0x000012ad   Thumb Code   326  aeabi_sdiv.o(.text)
    __use_two_region_memory                  0x000013f3   Thumb Code     2  heapauxi.o(.text)
    __rt_heap_escrow                         0x000013f5   Thumb Code     2  heapauxi.o(.text)
    __rt_heap_expand                         0x000013f7   Thumb Code     2  heapauxi.o(.text)
    __rt_heap_descriptor                     0x000013f9   Thumb Code    12  rt_heap_descriptor_intlibspace.o(.text)
    __use_no_heap                            0x00001405   Thumb Code     2  hguard.o(.text)
    __heap$guard                             0x00001407   Thumb Code     2  hguard.o(.text)
    _terminate_user_alloc                    0x00001409   Thumb Code     2  init_alloc.o(.text)
    _init_user_alloc                         0x0000140b   Thumb Code     2  init_alloc.o(.text)
    __Heap_Full                              0x0000140d   Thumb Code    32  init_alloc.o(.text)
    __Heap_Broken                            0x0000142d   Thumb Code    10  init_alloc.o(.text)
    _init_alloc                              0x00001437   Thumb Code    90  init_alloc.o(.text)
    __Heap_Initialize                        0x00001491   Thumb Code    10  h1_init.o(.text)
    __Heap_DescSize                          0x0000149b   Thumb Code     4  h1_init.o(.text)
    __user_libspace                          0x000014a1   Thumb Code     8  libspace.o(.text)
    __user_perproc_libspace                  0x000014a1   Thumb Code     0  libspace.o(.text)
    __user_perthread_libspace                0x000014a1   Thumb Code     0  libspace.o(.text)
    __Heap_ProvideMemory                     0x000014a9   Thumb Code    52  h1_extend.o(.text)
    __rt_SIGRTMEM                            0x000014dd   Thumb Code    12  defsig_rtmem_outer.o(.text)
    __I$use$semihosting                      0x000014e9   Thumb Code     0  use_no_semi.o(.text)
    __use_no_semihosting_swi                 0x000014e9   Thumb Code     2  use_no_semi.o(.text)
    __user_setup_stackheap                   0x000014eb   Thumb Code    62  sys_stackheap_outer.o(.text)
    exit                                     0x00001529   Thumb Code    12  exit.o(.text)
    __sig_exit                               0x00001535   Thumb Code    12  defsig_exit.o(.text)
    __rt_SIGRTMEM_inner                      0x00001541   Thumb Code    20  defsig_rtmem_inner.o(.text)
    _sys_exit                                0x0000158d   Thumb Code     8  sys_exit.o(.text)
    __default_signal_display                 0x00001599   Thumb Code    52  defsig_general.o(.text)
    _ttywrch                                 0x000015cd   Thumb Code    12  sys_wrch.o(.text)
    __decompress                             0x000015d9   Thumb Code     0  __dczerorl2.o(.text)
    __decompress1                            0x000015d9   Thumb Code    86  __dczerorl2.o(.text)
    __ARM_common_switch8                     0x0000162f   Thumb Code    26  system_lpc11xx.o(i.__ARM_common_switch8)
    callbacks                                0x00001648   Data          32  can_api.o(.constdata)
    Region$$Table$$Base                      0x00001668   Number         0  anon$$obj.o(Region$$Table)
    Region$$Table$$Limit                     0x00001688   Number         0  anon$$obj.o(Region$$Table)
    SystemFrequency                          0x100000bc   Data           4  system_lpc11xx.o(.data)
    timer_ms_cont                            0x100000c0   Data           4  main.o(.data)
    enum_UartHandleState                     0x100000c8   Data           1  main.o(.data)
    GucRcvNew                                0x100000c9   Data           1  main.o(.data)
    GulNum                                   0x100000cc   Data           4  main.o(.data)
    rcv_can_buffer                           0x100000d0   Data        2016  buffer.o(.data)
    rcv_byte_buffer                          0x100008b0   Data         216  buffer.o(.data)
    rcv_arry_buffer                          0x10000988   Data        1816  buffer.o(.data)
    IAP_Entry                                0x100010a0   Data           4  e2prom.o(.data)
    rom                                      0x100010a4   Data           4  can_api.o(.data)
    CanApiClkInitTable_250                   0x100010a8   Data           8  can_api.o(.data)
    CanApiClkInitTable_500                   0x100010b0   Data           8  can_api.o(.data)
    myConstOD                                0x100010b8   Data          32  can_api.o(.data)
    myOD                                     0x100010d8   Data          40  can_api.o(.data)
    myCANopen                                0x10001100   Data          20  can_api.o(.data)
    error_register                           0x10001114   Data           1  can_api.o(.data)
    device_id                                0x10001118   Data           4  can_api.o(.data)
    fw_ver                                   0x1000111c   Data           4  can_api.o(.data)
    param                                    0x10001120   Data           4  can_api.o(.data)
    GucRcvBuf                                0x10001124   Data           9  main.o(.bss)
    uartframesend                            0x10001130   Data          16  main.o(.bss)
    uartframereceive                         0x10001140   Data          16  main.o(.bss)
    receivedata                              0x10001150   Data          13  main.o(.bss)
    GulParamin                               0x10001160   Data          32  e2prom.o(.bss)
    GulParamout                              0x10001180   Data          32  e2prom.o(.bss)
    msg_obj                                  0x100011a0   Data          20  can_api.o(.bss)
    msg_obj_t                                0x100011b4   Data          20  can_api.o(.bss)
    msg_cof1                                 0x100011c8   Data          20  can_api.o(.bss)
    msg_cof2                                 0x100011dc   Data          20  can_api.o(.bss)
    msg_cof3                                 0x100011f0   Data          20  can_api.o(.bss)
    msg_cof0                                 0x10001204   Data          20  can_api.o(.bss)
    __libspace_start                         0x10001218   Data          96  libspace.o(.bss)
    __temporary_stack_top$libspace           0x10001278   Data           0  libspace.o(.bss)



==============================================================================

Memory Map of the image

  Image Entry point : 0x000000c1

  Load Region LOAD_ROM0 (Base: 0x00000000, Size: 0x000026f0, Max: 0xffffffff, ABSOLUTE, COMPRESSED[0x0000170c])

    Execution Region EXEC_ROM0 (Base: 0x00000000, Size: 0x00001688, Max: 0x00008000, ABSOLUTE)

    Base Addr    Size         Type   Attr      Idx    E Section Name        Object

    0x00000000   0x000000c0   Data   RO           42    RESET               startup_lpc11xx.o
    0x000000c0   0x00000008   Code   RO          233  * !!!main             c_p.l(__main.o)(c_p.l)
    0x000000c8   0x0000003c   Code   RO          450    !!!scatter          c_p.l(__scatter.o)(c_p.l)
    0x00000104   0x0000001c   Code   RO          452    !!handler_zi        c_p.l(__scatter_zi.o)(c_p.l)
    0x00000120   0x00000006   Code   RO          384    .ARM.Collect$$libinit$$00000000  c_p.l(libinit.o)(c_p.l)
    0x00000126   0x00000008   Code   RO          270    .ARM.Collect$$libinit$$00000001  c_p.l(libinit2.o)(c_p.l)
    0x0000012e   0x00000000   Code   RO          272    .ARM.Collect$$libinit$$00000006  c_p.l(libinit2.o)(c_p.l)
    0x0000012e   0x00000000   Code   RO          274    .ARM.Collect$$libinit$$00000008  c_p.l(libinit2.o)(c_p.l)
    0x0000012e   0x00000000   Code   RO          276    .ARM.Collect$$libinit$$0000000A  c_p.l(libinit2.o)(c_p.l)
    0x0000012e   0x00000000   Code   RO          279    .ARM.Collect$$libinit$$0000000D  c_p.l(libinit2.o)(c_p.l)
    0x0000012e   0x00000000   Code   RO          281    .ARM.Collect$$libinit$$0000000F  c_p.l(libinit2.o)(c_p.l)
    0x0000012e   0x00000000   Code   RO          283    .ARM.Collect$$libinit$$00000011  c_p.l(libinit2.o)(c_p.l)
    0x0000012e   0x00000000   Code   RO          285    .ARM.Collect$$libinit$$00000013  c_p.l(libinit2.o)(c_p.l)
    0x0000012e   0x00000000   Code   RO          287    .ARM.Collect$$libinit$$00000015  c_p.l(libinit2.o)(c_p.l)
    0x0000012e   0x00000000   Code   RO          289    .ARM.Collect$$libinit$$00000017  c_p.l(libinit2.o)(c_p.l)
    0x0000012e   0x00000000   Code   RO          291    .ARM.Collect$$libinit$$00000019  c_p.l(libinit2.o)(c_p.l)
    0x0000012e   0x00000000   Code   RO          293    .ARM.Collect$$libinit$$0000001B  c_p.l(libinit2.o)(c_p.l)
    0x0000012e   0x00000000   Code   RO          295    .ARM.Collect$$libinit$$0000001D  c_p.l(libinit2.o)(c_p.l)
    0x0000012e   0x00000000   Code   RO          297    .ARM.Collect$$libinit$$0000001F  c_p.l(libinit2.o)(c_p.l)
    0x0000012e   0x00000000   Code   RO          299    .ARM.Collect$$libinit$$00000021  c_p.l(libinit2.o)(c_p.l)
    0x0000012e   0x00000000   Code   RO          303    .ARM.Collect$$libinit$$00000028  c_p.l(libinit2.o)(c_p.l)
    0x0000012e   0x00000000   Code   RO          305    .ARM.Collect$$libinit$$0000002A  c_p.l(libinit2.o)(c_p.l)
    0x0000012e   0x00000000   Code   RO          307    .ARM.Collect$$libinit$$0000002C  c_p.l(libinit2.o)(c_p.l)
    0x0000012e   0x00000000   Code   RO          309    .ARM.Collect$$libinit$$0000002E  c_p.l(libinit2.o)(c_p.l)
    0x0000012e   0x00000002   Code   RO          310    .ARM.Collect$$libinit$$0000002F  c_p.l(libinit2.o)(c_p.l)
    0x00000130   0x00000002   Code   RO          445    .ARM.Collect$$libshutdown$$00000000  c_p.l(libshutdown.o)(c_p.l)
    0x00000132   0x00000000   Code   RO          402    .ARM.Collect$$libshutdown$$00000003  c_p.l(libshutdown2.o)(c_p.l)
    0x00000132   0x00000000   Code   RO          405    .ARM.Collect$$libshutdown$$00000006  c_p.l(libshutdown2.o)(c_p.l)
    0x00000132   0x00000000   Code   RO          408    .ARM.Collect$$libshutdown$$00000009  c_p.l(libshutdown2.o)(c_p.l)
    0x00000132   0x00000000   Code   RO          410    .ARM.Collect$$libshutdown$$0000000B  c_p.l(libshutdown2.o)(c_p.l)
    0x00000132   0x00000000   Code   RO          413    .ARM.Collect$$libshutdown$$0000000E  c_p.l(libshutdown2.o)(c_p.l)
    0x00000132   0x00000002   Code   RO          414    .ARM.Collect$$libshutdown$$0000000F  c_p.l(libshutdown2.o)(c_p.l)
    0x00000134   0x00000000   Code   RO          237    .ARM.Collect$$rtentry$$00000000  c_p.l(rtentry.o)(c_p.l)
    0x00000134   0x00000000   Code   RO          317    .ARM.Collect$$rtentry$$00000002  c_p.l(rtentry2.o)(c_p.l)
    0x00000134   0x00000006   Code   RO          332    .ARM.Collect$$rtentry$$00000004  c_p.l(rtentry4.o)(c_p.l)
    0x0000013a   0x00000000   Code   RO          319    .ARM.Collect$$rtentry$$00000009  c_p.l(rtentry2.o)(c_p.l)
    0x0000013a   0x00000004   Code   RO          320    .ARM.Collect$$rtentry$$0000000A  c_p.l(rtentry2.o)(c_p.l)
    0x0000013e   0x00000000   Code   RO          322    .ARM.Collect$$rtentry$$0000000C  c_p.l(rtentry2.o)(c_p.l)
    0x0000013e   0x00000008   Code   RO          323    .ARM.Collect$$rtentry$$0000000D  c_p.l(rtentry2.o)(c_p.l)
    0x00000146   0x00000002   Code   RO          388    .ARM.Collect$$rtexit$$00000000  c_p.l(rtexit.o)(c_p.l)
    0x00000148   0x00000000   Code   RO          420    .ARM.Collect$$rtexit$$00000002  c_p.l(rtexit2.o)(c_p.l)
    0x00000148   0x00000004   Code   RO          421    .ARM.Collect$$rtexit$$00000003  c_p.l(rtexit2.o)(c_p.l)
    0x0000014c   0x00000006   Code   RO          422    .ARM.Collect$$rtexit$$00000004  c_p.l(rtexit2.o)(c_p.l)
    0x00000152   0x00000002   PAD
    0x00000154   0x00000038   Code   RO          223    .emb_text           c_p.l(rt_memcpy.o)(c_p.l)
    0x0000018c   0x00000000   Code   RO          338    .emb_text           c_p.l(maybetermalloc1.o)(c_p.l)
    0x0000018c   0x0000027c   Code   RO           13    .text               system_lpc11xx.o
    0x00000408   0x00000038   Code   RO           43    .text               startup_lpc11xx.o
    0x00000440   0x00000818   Code   RO           49    .text               main.o
    0x00000c58   0x00000264   Code   RO           86    .text               buffer.o
    0x00000ebc   0x00000288   Code   RO          107    .text               e2prom.o
    0x00001144   0x000000a0   Code   RO          133    .text               can_api.o
    0x000011e4   0x00000068   Code   RO          165    .text               c_p.l(h1_alloc.o)(c_p.l)
    0x0000124c   0x0000004c   Code   RO          167    .text               c_p.l(h1_free.o)(c_p.l)
    0x00001298   0x0000015a   Code   RO          227    .text               c_p.l(aeabi_sdiv.o)(c_p.l)
    0x000013f2   0x00000006   Code   RO          231    .text               c_p.l(heapauxi.o)(c_p.l)
    0x000013f8   0x0000000c   Code   RO          246    .text               c_p.l(rt_heap_descriptor_intlibspace.o)(c_p.l)
    0x00001404   0x00000004   Code   RO          248    .text               c_p.l(hguard.o)(c_p.l)
    0x00001408   0x00000088   Code   RO          250    .text               c_p.l(init_alloc.o)(c_p.l)
    0x00001490   0x0000000e   Code   RO          254    .text               c_p.l(h1_init.o)(c_p.l)
    0x0000149e   0x00000002   PAD
    0x000014a0   0x00000008   Code   RO          313    .text               c_p.l(libspace.o)(c_p.l)
    0x000014a8   0x00000034   Code   RO          342    .text               c_p.l(h1_extend.o)(c_p.l)
    0x000014dc   0x0000000c   Code   RO          346    .text               c_p.l(defsig_rtmem_outer.o)(c_p.l)
    0x000014e8   0x00000002   Code   RO          355    .text               c_p.l(use_no_semi.o)(c_p.l)
    0x000014ea   0x0000003e   Code   RO          357    .text               c_p.l(sys_stackheap_outer.o)(c_p.l)
    0x00001528   0x0000000c   Code   RO          364    .text               c_p.l(exit.o)(c_p.l)
    0x00001534   0x0000000c   Code   RO          366    .text               c_p.l(defsig_exit.o)(c_p.l)
    0x00001540   0x0000004c   Code   RO          372    .text               c_p.l(defsig_rtmem_inner.o)(c_p.l)
    0x0000158c   0x0000000c   Code   RO          385    .text               c_p.l(sys_exit.o)(c_p.l)
    0x00001598   0x00000034   Code   RO          396    .text               c_p.l(defsig_general.o)(c_p.l)
    0x000015cc   0x0000000c   Code   RO          417    .text               c_p.l(sys_wrch.o)(c_p.l)
    0x000015d8   0x00000056   Code   RO          448    .text               c_p.l(__dczerorl2.o)(c_p.l)
    0x0000162e   0x0000001a   Code   RO           25    i.__ARM_common_switch8  system_lpc11xx.o
    0x00001648   0x00000020   Data   RO          135    .constdata          can_api.o
    0x00001668   0x00000020   Data   RO          446    Region$$Table       anon$$obj.o


    Execution Region SRAM0 (Base: 0x10000000, Size: 0x00000000, Max: 0x00000050, ABSOLUTE)

    **** No section assigned to this execution region ****


    Execution Region SRAM1 (Base: 0x100000bc, Size: 0x000015bc, Max: 0xffffffff, ABSOLUTE, COMPRESSED[0x00000084])

    Base Addr    Size         Type   Attr      Idx    E Section Name        Object

    0x100000bc   0x00000004   Data   RW           14    .data               system_lpc11xx.o
    0x100000c0   0x00000010   Data   RW           51    .data               main.o
    0x100000d0   0x00000fd0   Data   RW           87    .data               buffer.o
    0x100010a0   0x00000004   Data   RW          109    .data               e2prom.o
    0x100010a4   0x00000080   Data   RW          136    .data               can_api.o
    0x10001124   0x00000039   Zero   RW           50    .bss                main.o
    0x1000115d   0x00000003   PAD
    0x10001160   0x00000040   Zero   RW          108    .bss                e2prom.o
    0x100011a0   0x00000078   Zero   RW          134    .bss                can_api.o
    0x10001218   0x00000060   Zero   RW          314    .bss                c_p.l(libspace.o)(c_p.l)
    0x10001278   0x00000200   Zero   RW           41    HEAP                startup_lpc11xx.o
    0x10001478   0x00000200   Zero   RW           40    STACK               startup_lpc11xx.o


    Execution Region SRAMEND (Base: 0x10002000, Size: 0x00000000, Max: 0x00000000, ABSOLUTE, UNINIT)

    Base Addr    Size         Type   Attr      Idx    E Section Name        Object

    0x10002000   0x00000000   Zero   RW            1    SRAMEND.bss         anon$$obj.o


==============================================================================

Image component sizes


      Code (inc. data)   RO Data    RW Data    ZI Data      Debug   Object Name

       612          8          0       4048          0          0   buffer.o
       160         10         32        128        120          0   can_api.o
         0          0          0          0          0          0   core_cm0.o
       648         16          0          4         64          0   e2prom.o
      2072        144          0         16         57          0   main.o
        56         22        192          0       1024          0   startup_lpc11xx.o
       662        102          0          4          0          0   system_lpc11xx.o

    ----------------------------------------------------------------------
      4210        302        256       4200       1268          0   Object Totals
         0          0         32          0          0          0   (incl. Generated)
         0          0          0          0          3          2   (incl. Padding)

    ----------------------------------------------------------------------

      Code (inc. data)   RO Data    RW Data    ZI Data      Debug   Library Member Name

        86          0          0          0          0          0   __dczerorl2.o
         8          0          0          0          0          0   __main.o
        60          8          0          0          0          0   __scatter.o
        28          0          0          0          0          0   __scatter_zi.o
       346          0          0          0          0          0   aeabi_sdiv.o
        12          0          0          0          0          0   defsig_exit.o
        52          0          0          0          0          0   defsig_general.o
        76         56          0          0          0          0   defsig_rtmem_inner.o
        12          0          0          0          0          0   defsig_rtmem_outer.o
        12          0          0          0          0          0   exit.o
       104          0          0          0          0          0   h1_alloc.o
        52          0          0          0          0          0   h1_extend.o
        76          0          0          0          0          0   h1_free.o
        14          0          0          0          0          0   h1_init.o
         6          0          0          0          0          0   heapauxi.o
         4          0          0          0          0          0   hguard.o
       136          0          0          0          0          0   init_alloc.o
         6          0          0          0          0          0   libinit.o
        10          0          0          0          0          0   libinit2.o
         2          0          0          0          0          0   libshutdown.o
         2          0          0          0          0          0   libshutdown2.o
         8          4          0          0         96          0   libspace.o
         0          0          0          0          0          0   maybetermalloc1.o
        12          4          0          0          0          0   rt_heap_descriptor_intlibspace.o
        56          0          0          0          0          0   rt_memcpy.o
         0          0          0          0          0          0   rtentry.o
        12          0          0          0          0          0   rtentry2.o
         6          0          0          0          0          0   rtentry4.o
         2          0          0          0          0          0   rtexit.o
        10          0          0          0          0          0   rtexit2.o
        12          4          0          0          0          0   sys_exit.o
        62          0          0          0          0          0   sys_stackheap_outer.o
        12          0          0          0          0          0   sys_wrch.o
         2          0          0          0          0          0   use_no_semi.o

    ----------------------------------------------------------------------
      1302         76          0          0         96          0   Library Totals
         4          0          0          0          0          0   (incl. Padding)

    ----------------------------------------------------------------------

      Code (inc. data)   RO Data    RW Data    ZI Data      Debug   Library Name

      1298         76          0          0         96       1752   c_p.l

    ----------------------------------------------------------------------
      1302         76          0          0         96          0   Library Totals

    ----------------------------------------------------------------------

==============================================================================


      Code (inc. data)   RO Data    RW Data    ZI Data      Debug   

      5512        378        256       4200       1364      41072   Grand Totals
      5512        378        256        132       1364      41072   ELF Image Totals (compressed)
      5512        378        256        132          0          0   ROM Totals

==============================================================================

    Total RO  Size (Code + RO Data)                 5768 (   5.63kB)
    Total RW  Size (RW Data + ZI Data)              5564 (   5.43kB)
    Total ROM Size (Code + RO Data + RW Data)       5900 (   5.76kB)

==============================================================================

