ARM Linker, 4.1 [Build 481] [Evaluation]

==============================================================================

Section Cross References

    system_lpc11xx.o(.text) refers to system_lpc11xx.o(i.__ARM_common_switch8) for __ARM_common_switch8
    system_lpc11xx.o(.text) refers to aeabi_sdiv.o(.text) for __aeabi_uidivmod
    system_lpc11xx.o(.text) refers to system_lpc11xx.o(.data) for SystemFrequency
    startup_lpc11xx.o(STACK) refers (Special) to heapauxi.o(.text) for __use_two_region_memory
    startup_lpc11xx.o(HEAP) refers (Special) to heapauxi.o(.text) for __use_two_region_memory
    startup_lpc11xx.o(RESET) refers (Special) to heapauxi.o(.text) for __use_two_region_memory
    startup_lpc11xx.o(RESET) refers to startup_lpc11xx.o(STACK) for __initial_sp
    startup_lpc11xx.o(RESET) refers to startup_lpc11xx.o(.text) for Reset_Handler
    startup_lpc11xx.o(RESET) refers to can_api.o(.text) for CAN_IRQHandler
    startup_lpc11xx.o(RESET) refers to main.o(.text) for TIMER16_0_IRQHandler
    startup_lpc11xx.o(.text) refers (Special) to heapauxi.o(.text) for __use_two_region_memory
    startup_lpc11xx.o(.text) refers to __main.o(!!!main) for __main
    startup_lpc11xx.o(.text) refers to startup_lpc11xx.o(HEAP) for Heap_Mem
    startup_lpc11xx.o(.text) refers to startup_lpc11xx.o(STACK) for Stack_Mem
    main.o(.text) refers to aeabi_sdiv.o(.text) for __aeabi_uidivmod
    main.o(.text) refers to buffer.o(.text) for put_byte_buffer
    main.o(.text) refers to main.o(.data) for timer_ms_cont
    main.o(.text) refers to system_lpc11xx.o(.data) for SystemFrequency
    main.o(.text) refers to can_api.o(.data) for rom
    main.o(.text) refers to can_api.o(.constdata) for callbacks
    main.o(.text) refers to can_api.o(.bss) for msg_cof0
    main.o(.text) refers to main.o(.bss) for GucRcvBuf
    main.o(.text) refers to buffer.o(.data) for rcv_byte_buffer
    main.o(.text) refers to system_lpc11xx.o(i.__ARM_common_switch8) for __ARM_common_switch8
    main.o(.text) refers to system_lpc11xx.o(.text) for SystemInit
    buffer.o(.text) refers to rt_memcpy.o(.emb_text) for __aeabi_memcpy4
    buffer.o(.text) refers to aeabi_sdiv.o(.text) for __aeabi_uidivmod
    can_api.o(.text) refers to buffer.o(.text) for put_can_buffer
    can_api.o(.text) refers to can_api.o(.data) for rom
    can_api.o(.text) refers to buffer.o(.data) for rcv_can_buffer
    can_api.o(.constdata) refers to can_api.o(.text) for CAN_rx
    rt_memcpy.o(.text) refers to rt_memcpy.o(.emb_text) for __aeabi_memcpy4
    __main.o(!!!main) refers to rtentry.o(.ARM.Collect$$rtentry$$00000000) for __rt_entry
    rtentry.o(.ARM.Collect$$rtentry$$00000000) refers (Special) to rtentry2.o(.ARM.Collect$$rtentry$$0000000A) for __rt_entry_li
    rtentry.o(.ARM.Collect$$rtentry$$00000000) refers (Special) to rtentry2.o(.ARM.Collect$$rtentry$$0000000D) for __rt_entry_main
    rtentry.o(.ARM.Collect$$rtentry$$00000000) refers (Special) to rtentry2.o(.ARM.Collect$$rtentry$$0000000C) for __rt_entry_postli_1
    rtentry.o(.ARM.Collect$$rtentry$$00000000) refers (Special) to rtentry2.o(.ARM.Collect$$rtentry$$00000009) for __rt_entry_postsh_1
    rtentry.o(.ARM.Collect$$rtentry$$00000000) refers (Special) to rtentry2.o(.ARM.Collect$$rtentry$$00000002) for __rt_entry_presh_1
    rtentry.o(.ARM.Collect$$rtentry$$00000000) refers (Special) to rtentry4.o(.ARM.Collect$$rtentry$$00000004) for __rt_entry_sh
    rtentry.o(.ARM.exidx) refers (Special) to rtentry2.o(.ARM.Collect$$rtentry$$0000000A) for __rt_entry_li
    rtentry.o(.ARM.exidx) refers (Special) to rtentry2.o(.ARM.Collect$$rtentry$$0000000D) for __rt_entry_main
    rtentry.o(.ARM.exidx) refers (Special) to rtentry2.o(.ARM.Collect$$rtentry$$0000000C) for __rt_entry_postli_1
    rtentry.o(.ARM.exidx) refers (Special) to rtentry2.o(.ARM.Collect$$rtentry$$00000009) for __rt_entry_postsh_1
    rtentry.o(.ARM.exidx) refers (Special) to rtentry2.o(.ARM.Collect$$rtentry$$00000002) for __rt_entry_presh_1
    rtentry.o(.ARM.exidx) refers (Special) to rtentry4.o(.ARM.Collect$$rtentry$$00000004) for __rt_entry_sh
    rtentry.o(.ARM.exidx) refers to rtentry.o(.ARM.Collect$$rtentry$$00000000) for .ARM.Collect$$rtentry$$00000000
    aeabi_idiv0_sigfpe.o(.text) refers to rt_div0.o(.text) for __rt_div0
    rtentry2.o(.ARM.Collect$$rtentry$$00000008) refers to boardinit2.o(.text) for _platform_post_stackheap_init
    rtentry2.o(.ARM.Collect$$rtentry$$0000000A) refers to libinit.o(.ARM.Collect$$libinit$$00000000) for __rt_lib_init
    rtentry2.o(.ARM.Collect$$rtentry$$0000000B) refers to boardinit3.o(.text) for _platform_post_lib_init
    rtentry2.o(.ARM.Collect$$rtentry$$0000000D) refers to main.o(.text) for main
    rtentry2.o(.ARM.Collect$$rtentry$$0000000D) refers to exit.o(.text) for exit
    rtentry2.o(.ARM.exidx) refers to rtentry2.o(.ARM.Collect$$rtentry$$00000001) for .ARM.Collect$$rtentry$$00000001
    rtentry2.o(.ARM.exidx) refers to rtentry2.o(.ARM.Collect$$rtentry$$00000002) for .ARM.Collect$$rtentry$$00000002
    rtentry2.o(.ARM.exidx) refers to rtentry2.o(.ARM.Collect$$rtentry$$00000008) for .ARM.Collect$$rtentry$$00000008
    rtentry2.o(.ARM.exidx) refers to rtentry2.o(.ARM.Collect$$rtentry$$00000009) for .ARM.Collect$$rtentry$$00000009
    rtentry2.o(.ARM.exidx) refers to rtentry2.o(.ARM.Collect$$rtentry$$0000000A) for .ARM.Collect$$rtentry$$0000000A
    rtentry2.o(.ARM.exidx) refers to rtentry2.o(.ARM.Collect$$rtentry$$0000000B) for .ARM.Collect$$rtentry$$0000000B
    rtentry2.o(.ARM.exidx) refers to rtentry2.o(.ARM.Collect$$rtentry$$0000000C) for .ARM.Collect$$rtentry$$0000000C
    rtentry2.o(.ARM.exidx) refers to rtentry2.o(.ARM.Collect$$rtentry$$0000000D) for .ARM.Collect$$rtentry$$0000000D
    rtentry4.o(.ARM.Collect$$rtentry$$00000004) refers to sys_stackheap_outer.o(.text) for __user_setup_stackheap
    rtentry4.o(.ARM.exidx) refers to rtentry4.o(.ARM.Collect$$rtentry$$00000004) for .ARM.Collect$$rtentry$$00000004
    rt_div0.o(.text) refers to defsig_fpe_outer.o(.text) for __rt_SIGFPE
    sys_stackheap_outer.o(.text) refers to libspace.o(.text) for __user_perproc_libspace
    sys_stackheap_outer.o(.text) refers to startup_lpc11xx.o(.text) for __user_initial_stackheap
    sys_stackheap_outer.o(__vectab_stack_and_reset_area) refers to tempstk.o(.text) for __temporary_stack_top
    sys_stackheap_outer.o(__vectab_stack_and_reset_area) refers to __main.o(!!!main) for __main
    exit.o(.text) refers to rtexit.o(.ARM.Collect$$rtexit$$00000000) for __rt_exit
    defsig_fpe_outer.o(.text) refers to defsig_fpe_inner.o(.text) for __rt_SIGFPE_inner
    defsig_fpe_outer.o(.text) refers to defsig_exit.o(.text) for __sig_exit
    defsig_fpe_formal.o(.text) refers to rt_raise.o(.text) for __rt_raise
    libinit.o(.ARM.Collect$$libinit$$00000000) refers (Special) to libinit2.o(.ARM.Collect$$libinit$$0000002A) for __rt_lib_init_alloca_1
    libinit.o(.ARM.Collect$$libinit$$00000000) refers (Special) to libinit2.o(.ARM.Collect$$libinit$$00000028) for __rt_lib_init_argv_1
    libinit.o(.ARM.Collect$$libinit$$00000000) refers (Special) to libinit2.o(.ARM.Collect$$libinit$$00000017) for __rt_lib_init_atexit_1
    libinit.o(.ARM.Collect$$libinit$$00000000) refers (Special) to libinit2.o(.ARM.Collect$$libinit$$0000001D) for __rt_lib_init_clock_1
    libinit.o(.ARM.Collect$$libinit$$00000000) refers (Special) to libinit2.o(.ARM.Collect$$libinit$$0000002E) for __rt_lib_init_cpp_1
    libinit.o(.ARM.Collect$$libinit$$00000000) refers (Special) to libinit2.o(.ARM.Collect$$libinit$$0000002C) for __rt_lib_init_exceptions_1
    libinit.o(.ARM.Collect$$libinit$$00000000) refers (Special) to libinit2.o(.ARM.Collect$$libinit$$0000001B) for __rt_lib_init_fp_trap_1
    libinit.o(.ARM.Collect$$libinit$$00000000) refers (Special) to libinit2.o(.ARM.Collect$$libinit$$0000001F) for __rt_lib_init_getenv_1
    libinit.o(.ARM.Collect$$libinit$$00000000) refers (Special) to libinit2.o(.ARM.Collect$$libinit$$00000006) for __rt_lib_init_heap_1
    libinit.o(.ARM.Collect$$libinit$$00000000) refers (Special) to libinit2.o(.ARM.Collect$$libinit$$0000000D) for __rt_lib_init_lc_collate_1
    libinit.o(.ARM.Collect$$libinit$$00000000) refers (Special) to libinit2.o(.ARM.Collect$$libinit$$0000000F) for __rt_lib_init_lc_ctype_1
    libinit.o(.ARM.Collect$$libinit$$00000000) refers (Special) to libinit2.o(.ARM.Collect$$libinit$$00000011) for __rt_lib_init_lc_monetary_1
    libinit.o(.ARM.Collect$$libinit$$00000000) refers (Special) to libinit2.o(.ARM.Collect$$libinit$$00000013) for __rt_lib_init_lc_numeric_1
    libinit.o(.ARM.Collect$$libinit$$00000000) refers (Special) to libinit2.o(.ARM.Collect$$libinit$$00000015) for __rt_lib_init_lc_time_1
    libinit.o(.ARM.Collect$$libinit$$00000000) refers (Special) to libinit2.o(.ARM.Collect$$libinit$$0000000A) for __rt_lib_init_rand_1
    libinit.o(.ARM.Collect$$libinit$$00000000) refers (Special) to libinit2.o(.ARM.Collect$$libinit$$0000002F) for __rt_lib_init_return
    libinit.o(.ARM.Collect$$libinit$$00000000) refers (Special) to libinit2.o(.ARM.Collect$$libinit$$00000019) for __rt_lib_init_signal_1
    libinit.o(.ARM.Collect$$libinit$$00000000) refers (Special) to libinit2.o(.ARM.Collect$$libinit$$00000021) for __rt_lib_init_stdio_1
    libinit.o(.ARM.Collect$$libinit$$00000000) refers (Special) to libinit2.o(.ARM.Collect$$libinit$$00000008) for __rt_lib_init_user_alloc_1
    libspace.o(.text) refers to libspace.o(.bss) for __libspace_start
    rtexit.o(.ARM.Collect$$rtexit$$00000000) refers (Special) to rtexit2.o(.ARM.Collect$$rtexit$$00000004) for __rt_exit_exit
    rtexit.o(.ARM.Collect$$rtexit$$00000000) refers (Special) to rtexit2.o(.ARM.Collect$$rtexit$$00000003) for __rt_exit_ls
    rtexit.o(.ARM.Collect$$rtexit$$00000000) refers (Special) to rtexit2.o(.ARM.Collect$$rtexit$$00000002) for __rt_exit_prels_1
    rtexit.o(.ARM.exidx) refers (Special) to rtexit2.o(.ARM.Collect$$rtexit$$00000004) for __rt_exit_exit
    rtexit.o(.ARM.exidx) refers (Special) to rtexit2.o(.ARM.Collect$$rtexit$$00000003) for __rt_exit_ls
    rtexit.o(.ARM.exidx) refers (Special) to rtexit2.o(.ARM.Collect$$rtexit$$00000002) for __rt_exit_prels_1
    rtexit.o(.ARM.exidx) refers to rtexit.o(.ARM.Collect$$rtexit$$00000000) for .ARM.Collect$$rtexit$$00000000
    rt_raise.o(.text) refers to __raise.o(.text) for __raise
    rt_raise.o(.text) refers to sys_exit.o(.text) for _sys_exit
    defsig_exit.o(.text) refers to sys_exit.o(.text) for _sys_exit
    defsig_fpe_inner.o(.text) refers to defsig_general.o(.text) for __default_signal_display
    libinit2.o(.ARM.Collect$$libinit$$0000000C) refers to libinit2.o(.ARM.Collect$$libinit$$0000000B) for .ARM.Collect$$libinit$$0000000B
    libinit2.o(.ARM.Collect$$libinit$$0000000E) refers to libinit2.o(.ARM.Collect$$libinit$$0000000B) for .ARM.Collect$$libinit$$0000000B
    libinit2.o(.ARM.Collect$$libinit$$00000010) refers to libinit2.o(.ARM.Collect$$libinit$$0000000B) for .ARM.Collect$$libinit$$0000000B
    libinit2.o(.ARM.Collect$$libinit$$00000012) refers to libinit2.o(.ARM.Collect$$libinit$$0000000B) for .ARM.Collect$$libinit$$0000000B
    libinit2.o(.ARM.Collect$$libinit$$00000014) refers to libinit2.o(.ARM.Collect$$libinit$$0000000B) for .ARM.Collect$$libinit$$0000000B
    libinit2.o(.ARM.Collect$$libinit$$00000022) refers to argv_veneer.o(.text) for __ARM_argv_veneer
    libinit2.o(.ARM.Collect$$libinit$$00000023) refers to argv_veneer.o(.text) for __ARM_argv_veneer
    sys_exit.o(.text) refers (Special) to use_no_semi.o(.text) for __I$use$semihosting
    rtexit2.o(.ARM.Collect$$rtexit$$00000003) refers to libshutdown.o(.ARM.Collect$$libshutdown$$00000000) for __rt_lib_shutdown
    rtexit2.o(.ARM.Collect$$rtexit$$00000004) refers to sys_exit.o(.text) for _sys_exit
    rtexit2.o(.ARM.exidx) refers to rtexit2.o(.ARM.Collect$$rtexit$$00000001) for .ARM.Collect$$rtexit$$00000001
    rtexit2.o(.ARM.exidx) refers to rtexit2.o(.ARM.Collect$$rtexit$$00000002) for .ARM.Collect$$rtexit$$00000002
    rtexit2.o(.ARM.exidx) refers to rtexit2.o(.ARM.Collect$$rtexit$$00000003) for .ARM.Collect$$rtexit$$00000003
    rtexit2.o(.ARM.exidx) refers to rtexit2.o(.ARM.Collect$$rtexit$$00000004) for .ARM.Collect$$rtexit$$00000004
    __raise.o(.text) refers to defsig.o(CL$$defsig) for __default_signal_handler
    defsig_general.o(.text) refers to sys_wrch.o(.text) for _ttywrch
    sys_wrch.o(.text) refers (Special) to use_no_semi.o(.text) for __I$use$semihosting
    defsig.o(CL$$defsig) refers to defsig_fpe_inner.o(.text) for __rt_SIGFPE_inner
    defsig.o(CL$$defsig) refers to defsig_rtmem_inner.o(.text) for __rt_SIGRTMEM_inner
    _get_argv_nomalloc.o(.text) refers (Special) to hrguard.o(.text) for __heap_region$guard
    _get_argv_nomalloc.o(.text) refers to defsig_rtmem_outer.o(.text) for __rt_SIGRTMEM
    _get_argv_nomalloc.o(.text) refers to sys_command.o(.text) for _sys_command_string
    libshutdown.o(.ARM.Collect$$libshutdown$$00000000) refers (Special) to libshutdown2.o(.ARM.Collect$$libshutdown$$00000006) for __rt_lib_shutdown_fp_trap_1
    libshutdown.o(.ARM.Collect$$libshutdown$$00000000) refers (Special) to libshutdown2.o(.ARM.Collect$$libshutdown$$0000000E) for __rt_lib_shutdown_heap_1
    libshutdown.o(.ARM.Collect$$libshutdown$$00000000) refers (Special) to libshutdown2.o(.ARM.Collect$$libshutdown$$0000000F) for __rt_lib_shutdown_return
    libshutdown.o(.ARM.Collect$$libshutdown$$00000000) refers (Special) to libshutdown2.o(.ARM.Collect$$libshutdown$$00000009) for __rt_lib_shutdown_signal_1
    libshutdown.o(.ARM.Collect$$libshutdown$$00000000) refers (Special) to libshutdown2.o(.ARM.Collect$$libshutdown$$00000003) for __rt_lib_shutdown_stdio_1
    libshutdown.o(.ARM.Collect$$libshutdown$$00000000) refers (Special) to libshutdown2.o(.ARM.Collect$$libshutdown$$0000000B) for __rt_lib_shutdown_user_alloc_1
    sys_command.o(.text) refers (Special) to use_no_semi.o(.text) for __I$use$semihosting
    defsig_abrt_inner.o(.text) refers to defsig_general.o(.text) for __default_signal_display
    defsig_rtred_inner.o(.text) refers to defsig_general.o(.text) for __default_signal_display
    defsig_rtmem_inner.o(.text) refers to defsig_general.o(.text) for __default_signal_display
    defsig_rtmem_outer.o(.text) refers to defsig_rtmem_inner.o(.text) for __rt_SIGRTMEM_inner
    defsig_rtmem_outer.o(.text) refers to defsig_exit.o(.text) for __sig_exit
    defsig_rtmem_formal.o(.text) refers to rt_raise.o(.text) for __rt_raise
    defsig_stak_inner.o(.text) refers to defsig_general.o(.text) for __default_signal_display
    defsig_pvfn_inner.o(.text) refers to defsig_general.o(.text) for __default_signal_display
    defsig_cppl_inner.o(.text) refers to defsig_general.o(.text) for __default_signal_display
    defsig_segv_inner.o(.text) refers to defsig_general.o(.text) for __default_signal_display
    defsig_other.o(.text) refers to defsig_general.o(.text) for __default_signal_display


==============================================================================

Removing Unused input sections from the image.

    Removing main.o(.emb_text), (2 bytes).

1 unused section(s) (total 2 bytes) removed from the image.

==============================================================================

Image Symbol Table

    Local Symbols

    Symbol Name                              Value     Ov Type        Size  Object(Section)

    RESET                                    0x00000000   Section      192  startup_lpc11xx.o(RESET)
    ../../../cmprslib/zerorunl2.c            0x00000000   Number         0  __dczerorl2.o ABSOLUTE
    ../../angel/boardlib.s                   0x00000000   Number         0  boardinit1.o ABSOLUTE
    ../../angel/boardlib.s                   0x00000000   Number         0  boardshut.o ABSOLUTE
    ../../angel/boardlib.s                   0x00000000   Number         0  boardinit2.o ABSOLUTE
    ../../angel/boardlib.s                   0x00000000   Number         0  boardinit3.o ABSOLUTE
    ../../angel/handlers.s                   0x00000000   Number         0  __scatter_zi.o ABSOLUTE
    ../../angel/kernel.s                     0x00000000   Number         0  rtexit2.o ABSOLUTE
    ../../angel/kernel.s                     0x00000000   Number         0  rtentry4.o ABSOLUTE
    ../../angel/kernel.s                     0x00000000   Number         0  rtexit.o ABSOLUTE
    ../../angel/kernel.s                     0x00000000   Number         0  rtentry.o ABSOLUTE
    ../../angel/kernel.s                     0x00000000   Number         0  rtentry2.o ABSOLUTE
    ../../angel/rt.s                         0x00000000   Number         0  aeabi_idiv0_sigfpe.o ABSOLUTE
    ../../angel/rt.s                         0x00000000   Number         0  rt_raise.o ABSOLUTE
    ../../angel/rt.s                         0x00000000   Number         0  aeabi_idiv0.o ABSOLUTE
    ../../angel/rt.s                         0x00000000   Number         0  rt_div0.o ABSOLUTE
    ../../angel/scatterp.s                   0x00000000   Number         0  __scatter.o ABSOLUTE
    ../../angel/startup.s                    0x00000000   Number         0  __main.o ABSOLUTE
    ../../angel/sys.s                        0x00000000   Number         0  tempstk.o ABSOLUTE
    ../../angel/sys.s                        0x00000000   Number         0  libspace.o ABSOLUTE
    ../../angel/sys.s                        0x00000000   Number         0  use_no_semi.o ABSOLUTE
    ../../angel/sys.s                        0x00000000   Number         0  sys_stackheap_outer.o ABSOLUTE
    ../../angel/sysapp.c                     0x00000000   Number         0  sys_exit.o ABSOLUTE
    ../../angel/sysapp.c                     0x00000000   Number         0  sys_command.o ABSOLUTE
    ../../angel/sysapp.c                     0x00000000   Number         0  sys_wrch.o ABSOLUTE
    ../../armsys.c                           0x00000000   Number         0  _get_argv_nomalloc.o ABSOLUTE
    ../../armsys.c                           0x00000000   Number         0  no_argv.o ABSOLUTE
    ../../armsys.c                           0x00000000   Number         0  argv_veneer.o ABSOLUTE
    ../../cfplib/fpinit.c                    0x00000000   Number         0  fpinit.o ABSOLUTE
    ../../division.s                         0x00000000   Number         0  aeabi_sdiv.o ABSOLUTE
    ../../division.s                         0x00000000   Number         0  aeabi_sdiv_div0.o ABSOLUTE
    ../../heapalloc.c                        0x00000000   Number         0  hrguard.o ABSOLUTE
    ../../heapaux.c                          0x00000000   Number         0  heapauxi.o ABSOLUTE
    ../../libinit.s                          0x00000000   Number         0  libshutdown.o ABSOLUTE
    ../../libinit.s                          0x00000000   Number         0  libinit2.o ABSOLUTE
    ../../libinit.s                          0x00000000   Number         0  libshutdown2.o ABSOLUTE
    ../../libinit.s                          0x00000000   Number         0  libinit.o ABSOLUTE
    ../../memcpset.c                         0x00000000   Number         0  rt_memcpy.o ABSOLUTE
    ../../memcpset.c                         0x00000000   Number         0  rt_memcpy.o ABSOLUTE
    ../../signal.c                           0x00000000   Number         0  __raise.o ABSOLUTE
    ../../signal.c                           0x00000000   Number         0  defsig_general.o ABSOLUTE
    ../../signal.c                           0x00000000   Number         0  defsig_fpe_inner.o ABSOLUTE
    ../../signal.c                           0x00000000   Number         0  defsig_fpe_outer.o ABSOLUTE
    ../../signal.c                           0x00000000   Number         0  defsig_fpe_formal.o ABSOLUTE
    ../../signal.c                           0x00000000   Number         0  defsig_exit.o ABSOLUTE
    ../../signal.c                           0x00000000   Number         0  defsig_rtmem_outer.o ABSOLUTE
    ../../signal.c                           0x00000000   Number         0  defsig_rtmem_formal.o ABSOLUTE
    ../../signal.c                           0x00000000   Number         0  defsig_pvfn_inner.o ABSOLUTE
    ../../signal.c                           0x00000000   Number         0  defsig_cppl_inner.o ABSOLUTE
    ../../signal.c                           0x00000000   Number         0  defsig_segv_inner.o ABSOLUTE
    ../../signal.c                           0x00000000   Number         0  defsig_other.o ABSOLUTE
    ../../signal.c                           0x00000000   Number         0  defsig_rtmem_inner.o ABSOLUTE
    ../../signal.c                           0x00000000   Number         0  defsig_rtred_inner.o ABSOLUTE
    ../../signal.c                           0x00000000   Number         0  defsig_abrt_inner.o ABSOLUTE
    ../../signal.c                           0x00000000   Number         0  defsig_stak_inner.o ABSOLUTE
    ../../signal.s                           0x00000000   Number         0  defsig.o ABSOLUTE
    ../../stdlib.c                           0x00000000   Number         0  exit.o ABSOLUTE
    CAN\CAN_API.c                            0x00000000   Number         0  can_api.o ABSOLUTE
    CM0\core_cm0.c                           0x00000000   Number         0  core_cm0.o ABSOLUTE
    LPC11xx\startup\startup_LPC11xx.s        0x00000000   Number         0  startup_lpc11xx.o ABSOLUTE
    LPC11xx\system_LPC11xx.c                 0x00000000   Number         0  system_lpc11xx.o ABSOLUTE
    USER_CODE\\main.c                        0x00000000   Number         0  main.o ABSOLUTE
    USER_CODE\buffer.c                       0x00000000   Number         0  buffer.o ABSOLUTE
    USER_CODE\main.c                         0x00000000   Number         0  main.o ABSOLUTE
    dc.s                                     0x00000000   Number         0  dc.o ABSOLUTE
    !!!main                                  0x000000c0   Section        8  __main.o(!!!main)
    !!!scatter                               0x000000c8   Section       60  __scatter.o(!!!scatter)
    !!handler_zi                             0x00000104   Section       28  __scatter_zi.o(!!handler_zi)
    .ARM.Collect$$libinit$$00000000          0x00000120   Section        6  libinit.o(.ARM.Collect$$libinit$$00000000)
    .ARM.Collect$$libinit$$00000006          0x00000126   Section        0  libinit2.o(.ARM.Collect$$libinit$$00000006)
    .ARM.Collect$$libinit$$00000008          0x00000126   Section        0  libinit2.o(.ARM.Collect$$libinit$$00000008)
    .ARM.Collect$$libinit$$0000000A          0x00000126   Section        0  libinit2.o(.ARM.Collect$$libinit$$0000000A)
    .ARM.Collect$$libinit$$0000000D          0x00000126   Section        0  libinit2.o(.ARM.Collect$$libinit$$0000000D)
    .ARM.Collect$$libinit$$0000000F          0x00000126   Section        0  libinit2.o(.ARM.Collect$$libinit$$0000000F)
    .ARM.Collect$$libinit$$00000011          0x00000126   Section        0  libinit2.o(.ARM.Collect$$libinit$$00000011)
    .ARM.Collect$$libinit$$00000013          0x00000126   Section        0  libinit2.o(.ARM.Collect$$libinit$$00000013)
    .ARM.Collect$$libinit$$00000015          0x00000126   Section        0  libinit2.o(.ARM.Collect$$libinit$$00000015)
    .ARM.Collect$$libinit$$00000017          0x00000126   Section        0  libinit2.o(.ARM.Collect$$libinit$$00000017)
    .ARM.Collect$$libinit$$00000019          0x00000126   Section        0  libinit2.o(.ARM.Collect$$libinit$$00000019)
    .ARM.Collect$$libinit$$0000001B          0x00000126   Section        0  libinit2.o(.ARM.Collect$$libinit$$0000001B)
    .ARM.Collect$$libinit$$0000001D          0x00000126   Section        0  libinit2.o(.ARM.Collect$$libinit$$0000001D)
    .ARM.Collect$$libinit$$0000001F          0x00000126   Section        0  libinit2.o(.ARM.Collect$$libinit$$0000001F)
    .ARM.Collect$$libinit$$00000021          0x00000126   Section        0  libinit2.o(.ARM.Collect$$libinit$$00000021)
    .ARM.Collect$$libinit$$00000028          0x00000126   Section        0  libinit2.o(.ARM.Collect$$libinit$$00000028)
    .ARM.Collect$$libinit$$0000002A          0x00000126   Section        0  libinit2.o(.ARM.Collect$$libinit$$0000002A)
    .ARM.Collect$$libinit$$0000002C          0x00000126   Section        0  libinit2.o(.ARM.Collect$$libinit$$0000002C)
    .ARM.Collect$$libinit$$0000002E          0x00000126   Section        0  libinit2.o(.ARM.Collect$$libinit$$0000002E)
    .ARM.Collect$$libinit$$0000002F          0x00000126   Section        2  libinit2.o(.ARM.Collect$$libinit$$0000002F)
    .ARM.Collect$$libshutdown$$00000000      0x00000128   Section        2  libshutdown.o(.ARM.Collect$$libshutdown$$00000000)
    .ARM.Collect$$libshutdown$$00000003      0x0000012a   Section        0  libshutdown2.o(.ARM.Collect$$libshutdown$$00000003)
    .ARM.Collect$$libshutdown$$00000006      0x0000012a   Section        0  libshutdown2.o(.ARM.Collect$$libshutdown$$00000006)
    .ARM.Collect$$libshutdown$$00000009      0x0000012a   Section        0  libshutdown2.o(.ARM.Collect$$libshutdown$$00000009)
    .ARM.Collect$$libshutdown$$0000000B      0x0000012a   Section        0  libshutdown2.o(.ARM.Collect$$libshutdown$$0000000B)
    .ARM.Collect$$libshutdown$$0000000E      0x0000012a   Section        0  libshutdown2.o(.ARM.Collect$$libshutdown$$0000000E)
    .ARM.Collect$$libshutdown$$0000000F      0x0000012a   Section        2  libshutdown2.o(.ARM.Collect$$libshutdown$$0000000F)
    .ARM.Collect$$rtentry$$00000000          0x0000012c   Section        0  rtentry.o(.ARM.Collect$$rtentry$$00000000)
    .ARM.Collect$$rtentry$$00000002          0x0000012c   Section        0  rtentry2.o(.ARM.Collect$$rtentry$$00000002)
    .ARM.Collect$$rtentry$$00000004          0x0000012c   Section        6  rtentry4.o(.ARM.Collect$$rtentry$$00000004)
    .ARM.Collect$$rtentry$$00000009          0x00000132   Section        0  rtentry2.o(.ARM.Collect$$rtentry$$00000009)
    .ARM.Collect$$rtentry$$0000000A          0x00000132   Section        4  rtentry2.o(.ARM.Collect$$rtentry$$0000000A)
    .ARM.Collect$$rtentry$$0000000C          0x00000136   Section        0  rtentry2.o(.ARM.Collect$$rtentry$$0000000C)
    .ARM.Collect$$rtentry$$0000000D          0x00000136   Section        8  rtentry2.o(.ARM.Collect$$rtentry$$0000000D)
    .ARM.Collect$$rtexit$$00000000           0x0000013e   Section        2  rtexit.o(.ARM.Collect$$rtexit$$00000000)
    .ARM.Collect$$rtexit$$00000002           0x00000140   Section        0  rtexit2.o(.ARM.Collect$$rtexit$$00000002)
    .ARM.Collect$$rtexit$$00000003           0x00000140   Section        4  rtexit2.o(.ARM.Collect$$rtexit$$00000003)
    .ARM.Collect$$rtexit$$00000004           0x00000144   Section        6  rtexit2.o(.ARM.Collect$$rtexit$$00000004)
    .emb_text                                0x0000014c   Section       56  rt_memcpy.o(.emb_text)
    .text                                    0x00000184   Section        0  system_lpc11xx.o(.text)
    .text                                    0x00000400   Section       56  startup_lpc11xx.o(.text)
    .text                                    0x00000438   Section        0  main.o(.text)
    NVIC_SetPriority                         0x00000439   Thumb Code   110  main.o(.text)
    NVIC_EnableIRQ                           0x00000b13   Thumb Code    14  main.o(.text)
    .text                                    0x00000b48   Section        0  buffer.o(.text)
    .text                                    0x00000da4   Section        0  can_api.o(.text)
    .text                                    0x00000e44   Section      346  aeabi_sdiv.o(.text)
    .text                                    0x00000f9e   Section        0  heapauxi.o(.text)
    .text                                    0x00000fa4   Section       62  sys_stackheap_outer.o(.text)
    .text                                    0x00000fe2   Section        0  exit.o(.text)
    .text                                    0x00000ff0   Section        8  libspace.o(.text)
    .text                                    0x00000ff8   Section        0  sys_exit.o(.text)
    .text                                    0x00001004   Section        2  use_no_semi.o(.text)
    .text                                    0x00001006   Section        0  __dczerorl2.o(.text)
    i.__ARM_common_switch8                   0x0000105c   Section        0  system_lpc11xx.o(i.__ARM_common_switch8)
    .constdata                               0x00001078   Section       32  can_api.o(.constdata)
    .data                                    0x100000bc   Section        4  system_lpc11xx.o(.data)
    .data                                    0x100000c0   Section       16  main.o(.data)
    i                                        0x100000c4   Data           4  main.o(.data)
    .data                                    0x100000d0   Section     2448  buffer.o(.data)
    .data                                    0x10000a60   Section      128  can_api.o(.data)
    .bss                                     0x10000ae0   Section       57  main.o(.bss)
    .bss                                     0x10000b1c   Section      120  can_api.o(.bss)
    .bss                                     0x10000b94   Section       96  libspace.o(.bss)
    HEAP                                     0x10000bf8   Section      512  startup_lpc11xx.o(HEAP)
    Heap_Mem                                 0x10000bf8   Data         512  startup_lpc11xx.o(HEAP)
    STACK                                    0x10000df8   Section      512  startup_lpc11xx.o(STACK)
    Stack_Mem                                0x10000df8   Data         512  startup_lpc11xx.o(STACK)
    __initial_sp                             0x10000ff8   Data           0  startup_lpc11xx.o(STACK)

    Global Symbols

    Symbol Name                              Value     Ov Type        Size  Object(Section)

    BuildAttributes$$THM_ISAv3M$S$PE$A:L22$X:L11$S22$IEEE1$IW$USESV6$~STKCKD$USESV7$~SHL$OSPACE$ROPI$EBA8$UX$STANDARDLIB$REQ8$PRES8$EABIv2 0x00000000   Number         0  anon$$obj.o ABSOLUTE
    __ARM_use_no_argv                        0x00000000   Number         0  main.o ABSOLUTE
    __Vectors                                0x00000000   Data           4  startup_lpc11xx.o(RESET)
    __ARM_exceptions_init                     - Undefined Weak Reference
    __alloca_initialize                       - Undefined Weak Reference
    __cpp_initialize__aeabi_                  - Undefined Weak Reference
    __cxa_finalize                            - Undefined Weak Reference
    __rt_locale                               - Undefined Weak Reference
    __sigvec_lookup                           - Undefined Weak Reference
    _atexit_init                              - Undefined Weak Reference
    _call_atexit_fns                          - Undefined Weak Reference
    _clock_init                               - Undefined Weak Reference
    _fp_trap_init                             - Undefined Weak Reference
    _fp_trap_shutdown                         - Undefined Weak Reference
    _get_lc_collate                           - Undefined Weak Reference
    _get_lc_ctype                             - Undefined Weak Reference
    _get_lc_monetary                          - Undefined Weak Reference
    _get_lc_numeric                           - Undefined Weak Reference
    _get_lc_time                              - Undefined Weak Reference
    _getenv_init                              - Undefined Weak Reference
    _handle_redirection                       - Undefined Weak Reference
    _init_alloc                               - Undefined Weak Reference
    _init_user_alloc                          - Undefined Weak Reference
    _initio                                   - Undefined Weak Reference
    _rand_init                                - Undefined Weak Reference
    _signal_finish                            - Undefined Weak Reference
    _signal_init                              - Undefined Weak Reference
    _terminate_alloc                          - Undefined Weak Reference
    _terminate_user_alloc                     - Undefined Weak Reference
    _terminateio                              - Undefined Weak Reference
    __main                                   0x000000c1   Thumb Code     8  __main.o(!!!main)
    __scatterload                            0x000000c9   Thumb Code     0  __scatter.o(!!!scatter)
    __scatterload_rt2                        0x000000c9   Thumb Code    52  __scatter.o(!!!scatter)
    __scatterload_rt2_thumb_only             0x000000c9   Thumb Code     0  __scatter.o(!!!scatter)
    __scatterload_null                       0x000000d9   Thumb Code     0  __scatter.o(!!!scatter)
    __scatterload_zeroinit                   0x00000105   Thumb Code    28  __scatter_zi.o(!!handler_zi)
    __rt_lib_init                            0x00000121   Thumb Code     0  libinit.o(.ARM.Collect$$libinit$$00000000)
    __rt_lib_init_alloca_1                   0x00000127   Thumb Code     0  libinit2.o(.ARM.Collect$$libinit$$0000002A)
    __rt_lib_init_argv_1                     0x00000127   Thumb Code     0  libinit2.o(.ARM.Collect$$libinit$$00000028)
    __rt_lib_init_atexit_1                   0x00000127   Thumb Code     0  libinit2.o(.ARM.Collect$$libinit$$00000017)
    __rt_lib_init_clock_1                    0x00000127   Thumb Code     0  libinit2.o(.ARM.Collect$$libinit$$0000001D)
    __rt_lib_init_cpp_1                      0x00000127   Thumb Code     0  libinit2.o(.ARM.Collect$$libinit$$0000002E)
    __rt_lib_init_exceptions_1               0x00000127   Thumb Code     0  libinit2.o(.ARM.Collect$$libinit$$0000002C)
    __rt_lib_init_fp_trap_1                  0x00000127   Thumb Code     0  libinit2.o(.ARM.Collect$$libinit$$0000001B)
    __rt_lib_init_getenv_1                   0x00000127   Thumb Code     0  libinit2.o(.ARM.Collect$$libinit$$0000001F)
    __rt_lib_init_heap_1                     0x00000127   Thumb Code     0  libinit2.o(.ARM.Collect$$libinit$$00000006)
    __rt_lib_init_lc_collate_1               0x00000127   Thumb Code     0  libinit2.o(.ARM.Collect$$libinit$$0000000D)
    __rt_lib_init_lc_ctype_1                 0x00000127   Thumb Code     0  libinit2.o(.ARM.Collect$$libinit$$0000000F)
    __rt_lib_init_lc_monetary_1              0x00000127   Thumb Code     0  libinit2.o(.ARM.Collect$$libinit$$00000011)
    __rt_lib_init_lc_numeric_1               0x00000127   Thumb Code     0  libinit2.o(.ARM.Collect$$libinit$$00000013)
    __rt_lib_init_lc_time_1                  0x00000127   Thumb Code     0  libinit2.o(.ARM.Collect$$libinit$$00000015)
    __rt_lib_init_rand_1                     0x00000127   Thumb Code     0  libinit2.o(.ARM.Collect$$libinit$$0000000A)
    __rt_lib_init_return                     0x00000127   Thumb Code     0  libinit2.o(.ARM.Collect$$libinit$$0000002F)
    __rt_lib_init_signal_1                   0x00000127   Thumb Code     0  libinit2.o(.ARM.Collect$$libinit$$00000019)
    __rt_lib_init_stdio_1                    0x00000127   Thumb Code     0  libinit2.o(.ARM.Collect$$libinit$$00000021)
    __rt_lib_init_user_alloc_1               0x00000127   Thumb Code     0  libinit2.o(.ARM.Collect$$libinit$$00000008)
    __rt_lib_shutdown                        0x00000129   Thumb Code     0  libshutdown.o(.ARM.Collect$$libshutdown$$00000000)
    __rt_lib_shutdown_fp_trap_1              0x0000012b   Thumb Code     0  libshutdown2.o(.ARM.Collect$$libshutdown$$00000006)
    __rt_lib_shutdown_heap_1                 0x0000012b   Thumb Code     0  libshutdown2.o(.ARM.Collect$$libshutdown$$0000000E)
    __rt_lib_shutdown_return                 0x0000012b   Thumb Code     0  libshutdown2.o(.ARM.Collect$$libshutdown$$0000000F)
    __rt_lib_shutdown_signal_1               0x0000012b   Thumb Code     0  libshutdown2.o(.ARM.Collect$$libshutdown$$00000009)
    __rt_lib_shutdown_stdio_1                0x0000012b   Thumb Code     0  libshutdown2.o(.ARM.Collect$$libshutdown$$00000003)
    __rt_lib_shutdown_user_alloc_1           0x0000012b   Thumb Code     0  libshutdown2.o(.ARM.Collect$$libshutdown$$0000000B)
    __rt_entry                               0x0000012d   Thumb Code     0  rtentry.o(.ARM.Collect$$rtentry$$00000000)
    __rt_entry_presh_1                       0x0000012d   Thumb Code     0  rtentry2.o(.ARM.Collect$$rtentry$$00000002)
    __rt_entry_sh                            0x0000012d   Thumb Code     0  rtentry4.o(.ARM.Collect$$rtentry$$00000004)
    __rt_entry_li                            0x00000133   Thumb Code     0  rtentry2.o(.ARM.Collect$$rtentry$$0000000A)
    __rt_entry_postsh_1                      0x00000133   Thumb Code     0  rtentry2.o(.ARM.Collect$$rtentry$$00000009)
    __rt_entry_main                          0x00000137   Thumb Code     0  rtentry2.o(.ARM.Collect$$rtentry$$0000000D)
    __rt_entry_postli_1                      0x00000137   Thumb Code     0  rtentry2.o(.ARM.Collect$$rtentry$$0000000C)
    __rt_exit                                0x0000013f   Thumb Code     0  rtexit.o(.ARM.Collect$$rtexit$$00000000)
    __rt_exit_ls                             0x00000141   Thumb Code     0  rtexit2.o(.ARM.Collect$$rtexit$$00000003)
    __rt_exit_prels_1                        0x00000141   Thumb Code     0  rtexit2.o(.ARM.Collect$$rtexit$$00000002)
    __rt_exit_exit                           0x00000145   Thumb Code     0  rtexit2.o(.ARM.Collect$$rtexit$$00000004)
    __aeabi_memcpy4                          0x0000014d   Thumb Code    56  rt_memcpy.o(.emb_text)
    __aeabi_memcpy8                          0x0000014d   Thumb Code     0  rt_memcpy.o(.emb_text)
    SystemFrequencyUpdate                    0x00000185   Thumb Code   394  system_lpc11xx.o(.text)
    SystemInit                               0x0000030f   Thumb Code   158  system_lpc11xx.o(.text)
    Reset_Handler                            0x00000401   Thumb Code     4  startup_lpc11xx.o(.text)
    NMI_Handler                              0x00000405   Thumb Code     2  startup_lpc11xx.o(.text)
    HardFault_Handler                        0x00000407   Thumb Code     2  startup_lpc11xx.o(.text)
    MemManage_Handler                        0x00000409   Thumb Code     2  startup_lpc11xx.o(.text)
    BusFault_Handler                         0x0000040b   Thumb Code     2  startup_lpc11xx.o(.text)
    UsageFault_Handler                       0x0000040d   Thumb Code     2  startup_lpc11xx.o(.text)
    SVC_Handler                              0x0000040f   Thumb Code     2  startup_lpc11xx.o(.text)
    DebugMon_Handler                         0x00000411   Thumb Code     2  startup_lpc11xx.o(.text)
    PendSV_Handler                           0x00000413   Thumb Code     2  startup_lpc11xx.o(.text)
    SysTick_Handler                          0x00000415   Thumb Code     2  startup_lpc11xx.o(.text)
    ADC_IRQHandler                           0x00000417   Thumb Code     0  startup_lpc11xx.o(.text)
    BOD_IRQHandler                           0x00000417   Thumb Code     0  startup_lpc11xx.o(.text)
    FMC_IRQHandler                           0x00000417   Thumb Code     0  startup_lpc11xx.o(.text)
    I2C_IRQHandler                           0x00000417   Thumb Code     0  startup_lpc11xx.o(.text)
    PIOINT0_IRQHandler                       0x00000417   Thumb Code     0  startup_lpc11xx.o(.text)
    PIOINT1_IRQHandler                       0x00000417   Thumb Code     0  startup_lpc11xx.o(.text)
    PIOINT2_IRQHandler                       0x00000417   Thumb Code     0  startup_lpc11xx.o(.text)
    PIOINT3_IRQHandler                       0x00000417   Thumb Code     0  startup_lpc11xx.o(.text)
    SSP0_IRQHandler                          0x00000417   Thumb Code     0  startup_lpc11xx.o(.text)
    SSP1_IRQHandler                          0x00000417   Thumb Code     0  startup_lpc11xx.o(.text)
    TIMER16_1_IRQHandler                     0x00000417   Thumb Code     0  startup_lpc11xx.o(.text)
    TIMER32_0_IRQHandler                     0x00000417   Thumb Code     0  startup_lpc11xx.o(.text)
    TIMER32_1_IRQHandler                     0x00000417   Thumb Code     0  startup_lpc11xx.o(.text)
    USB_FIQHandler                           0x00000417   Thumb Code     0  startup_lpc11xx.o(.text)
    USB_IRQHandler                           0x00000417   Thumb Code     0  startup_lpc11xx.o(.text)
    WAKEUP_IRQHandler                        0x00000417   Thumb Code     0  startup_lpc11xx.o(.text)
    WDT_IRQHandler                           0x00000417   Thumb Code     0  startup_lpc11xx.o(.text)
    __user_initial_stackheap                 0x00000419   Thumb Code     0  startup_lpc11xx.o(.text)
    delay_ms                                 0x000004a7   Thumb Code    28  main.o(.text)
    TIMER16_0_IRQHandler                     0x000004c3   Thumb Code    68  main.o(.text)
    timer0Init                               0x00000507   Thumb Code    62  main.o(.text)
    GPIOInit                                 0x00000545   Thumb Code    38  main.o(.text)
    CANInit                                  0x0000056b   Thumb Code   190  main.o(.text)
    uartInit                                 0x00000629   Thumb Code   156  main.o(.text)
    uartSendByte                             0x000006c5   Thumb Code    18  main.o(.text)
    uartSendStr                              0x000006d7   Thumb Code    26  main.o(.text)
    UART_IRQHandler                          0x000006f1   Thumb Code   172  main.o(.text)
    senduartframe                            0x0000079d   Thumb Code   236  main.o(.text)
    receiveuartframe                         0x00000889   Thumb Code   418  main.o(.text)
    main                                     0x00000a2b   Thumb Code   232  main.o(.text)
    new_can_buffer                           0x00000b49   Thumb Code    38  buffer.o(.text)
    is_can_buffer_empty                      0x00000b6f   Thumb Code    18  buffer.o(.text)
    get_can_buffer                           0x00000b81   Thumb Code    56  buffer.o(.text)
    is_can_buffer_full                       0x00000bb9   Thumb Code    28  buffer.o(.text)
    put_can_buffer                           0x00000bd5   Thumb Code    62  buffer.o(.text)
    new_byte_buffer                          0x00000c13   Thumb Code    32  buffer.o(.text)
    is_byte_buffer_empty                     0x00000c33   Thumb Code    18  buffer.o(.text)
    get_byte_buffer                          0x00000c45   Thumb Code    46  buffer.o(.text)
    is_byte_buffer_full                      0x00000c73   Thumb Code    28  buffer.o(.text)
    put_byte_buffer                          0x00000c8f   Thumb Code    52  buffer.o(.text)
    new_arry_buffer                          0x00000cc3   Thumb Code    40  buffer.o(.text)
    is_arry_buffer_empty                     0x00000ceb   Thumb Code    18  buffer.o(.text)
    get_arry_buffer                          0x00000cfd   Thumb Code    64  buffer.o(.text)
    is_arry_buffer_full                      0x00000d3d   Thumb Code    28  buffer.o(.text)
    put_arry_buffer                          0x00000d59   Thumb Code    70  buffer.o(.text)
    CAN_IRQHandler                           0x00000da5   Thumb Code    16  can_api.o(.text)
    GetCheckNum                              0x00000db5   Thumb Code    46  can_api.o(.text)
    CAN_rx                                   0x00000de3   Thumb Code    38  can_api.o(.text)
    CAN_tx                                   0x00000e09   Thumb Code     4  can_api.o(.text)
    CAN_error                                0x00000e0d   Thumb Code     2  can_api.o(.text)
    CANOPEN_sdo_exp_read                     0x00000e0f   Thumb Code     6  can_api.o(.text)
    CANOPEN_sdo_exp_write                    0x00000e15   Thumb Code     6  can_api.o(.text)
    CANOPEN_sdo_seg_read                     0x00000e1b   Thumb Code    12  can_api.o(.text)
    CANOPEN_sdo_seg_write                    0x00000e27   Thumb Code    12  can_api.o(.text)
    CANOPEN_sdo_req                          0x00000e33   Thumb Code     8  can_api.o(.text)
    __aeabi_uidiv                            0x00000e45   Thumb Code     0  aeabi_sdiv.o(.text)
    __aeabi_uidivmod                         0x00000e45   Thumb Code    20  aeabi_sdiv.o(.text)
    __aeabi_idiv                             0x00000e59   Thumb Code     0  aeabi_sdiv.o(.text)
    __aeabi_idivmod                          0x00000e59   Thumb Code   326  aeabi_sdiv.o(.text)
    __use_two_region_memory                  0x00000f9f   Thumb Code     2  heapauxi.o(.text)
    __rt_heap_escrow$2region                 0x00000fa1   Thumb Code     2  heapauxi.o(.text)
    __rt_heap_expand$2region                 0x00000fa3   Thumb Code     2  heapauxi.o(.text)
    __user_setup_stackheap                   0x00000fa5   Thumb Code    62  sys_stackheap_outer.o(.text)
    exit                                     0x00000fe3   Thumb Code    12  exit.o(.text)
    __user_libspace                          0x00000ff1   Thumb Code     8  libspace.o(.text)
    __user_perproc_libspace                  0x00000ff1   Thumb Code     0  libspace.o(.text)
    __user_perthread_libspace                0x00000ff1   Thumb Code     0  libspace.o(.text)
    _sys_exit                                0x00000ff9   Thumb Code     8  sys_exit.o(.text)
    __I$use$semihosting                      0x00001005   Thumb Code     0  use_no_semi.o(.text)
    __use_no_semihosting_swi                 0x00001005   Thumb Code     2  use_no_semi.o(.text)
    __decompress                             0x00001007   Thumb Code     0  __dczerorl2.o(.text)
    __decompress1                            0x00001007   Thumb Code    86  __dczerorl2.o(.text)
    __ARM_common_switch8                     0x0000105d   Thumb Code    26  system_lpc11xx.o(i.__ARM_common_switch8)
    callbacks                                0x00001078   Data          32  can_api.o(.constdata)
    Region$$Table$$Base                      0x00001098   Number         0  anon$$obj.o(Region$$Table)
    Region$$Table$$Limit                     0x000010b8   Number         0  anon$$obj.o(Region$$Table)
    SystemFrequency                          0x100000bc   Data           4  system_lpc11xx.o(.data)
    timer_ms_cont                            0x100000c0   Data           4  main.o(.data)
    enum_UartHandleState                     0x100000c8   Data           1  main.o(.data)
    GucRcvNew                                0x100000c9   Data           1  main.o(.data)
    GulNum                                   0x100000cc   Data           4  main.o(.data)
    rcv_can_buffer                           0x100000d0   Data         416  buffer.o(.data)
    rcv_byte_buffer                          0x10000270   Data         216  buffer.o(.data)
    rcv_arry_buffer                          0x10000348   Data        1816  buffer.o(.data)
    rom                                      0x10000a60   Data           4  can_api.o(.data)
    CanApiClkInitTable_250                   0x10000a64   Data           8  can_api.o(.data)
    CanApiClkInitTable_500                   0x10000a6c   Data           8  can_api.o(.data)
    myConstOD                                0x10000a74   Data          32  can_api.o(.data)
    myOD                                     0x10000a94   Data          40  can_api.o(.data)
    myCANopen                                0x10000abc   Data          20  can_api.o(.data)
    error_register                           0x10000ad0   Data           1  can_api.o(.data)
    device_id                                0x10000ad4   Data           4  can_api.o(.data)
    fw_ver                                   0x10000ad8   Data           4  can_api.o(.data)
    param                                    0x10000adc   Data           4  can_api.o(.data)
    GucRcvBuf                                0x10000ae0   Data           9  main.o(.bss)
    uartframesend                            0x10000aec   Data          16  main.o(.bss)
    uartframereceive                         0x10000afc   Data          16  main.o(.bss)
    receivedata                              0x10000b0c   Data          13  main.o(.bss)
    msg_obj                                  0x10000b1c   Data          20  can_api.o(.bss)
    msg_obj_t                                0x10000b30   Data          20  can_api.o(.bss)
    msg_cof1                                 0x10000b44   Data          20  can_api.o(.bss)
    msg_cof2                                 0x10000b58   Data          20  can_api.o(.bss)
    msg_cof3                                 0x10000b6c   Data          20  can_api.o(.bss)
    msg_cof0                                 0x10000b80   Data          20  can_api.o(.bss)
    __libspace_start                         0x10000b94   Data          96  libspace.o(.bss)
    __temporary_stack_top$libspace           0x10000bf4   Data           0  libspace.o(.bss)



==============================================================================

Memory Map of the image

  Image Entry point : 0x000000c1

  Load Region LOAD_ROM0 (Base: 0x00000000, Size: 0x00001adc, Max: 0xffffffff, ABSOLUTE, COMPRESSED[0x0000112c])

    Execution Region EXEC_ROM0 (Base: 0x00000000, Size: 0x000010b8, Max: 0x00008000, ABSOLUTE)

    Base Addr    Size         Type   Attr      Idx    E Section Name        Object

    0x00000000   0x000000c0   Data   RO           42    RESET               startup_lpc11xx.o
    0x000000c0   0x00000008   Code   RO          149  * !!!main             c_p.l(__main.o)(c_p.l)
    0x000000c8   0x0000003c   Code   RO          320    !!!scatter          c_p.l(__scatter.o)(c_p.l)
    0x00000104   0x0000001c   Code   RO          322    !!handler_zi        c_p.l(__scatter_zi.o)(c_p.l)
    0x00000120   0x00000006   Code   RO          192    .ARM.Collect$$libinit$$00000000  c_p.l(libinit.o)(c_p.l)
    0x00000126   0x00000000   Code   RO          207    .ARM.Collect$$libinit$$00000006  c_p.l(libinit2.o)(c_p.l)
    0x00000126   0x00000000   Code   RO          209    .ARM.Collect$$libinit$$00000008  c_p.l(libinit2.o)(c_p.l)
    0x00000126   0x00000000   Code   RO          211    .ARM.Collect$$libinit$$0000000A  c_p.l(libinit2.o)(c_p.l)
    0x00000126   0x00000000   Code   RO          214    .ARM.Collect$$libinit$$0000000D  c_p.l(libinit2.o)(c_p.l)
    0x00000126   0x00000000   Code   RO          216    .ARM.Collect$$libinit$$0000000F  c_p.l(libinit2.o)(c_p.l)
    0x00000126   0x00000000   Code   RO          218    .ARM.Collect$$libinit$$00000011  c_p.l(libinit2.o)(c_p.l)
    0x00000126   0x00000000   Code   RO          220    .ARM.Collect$$libinit$$00000013  c_p.l(libinit2.o)(c_p.l)
    0x00000126   0x00000000   Code   RO          222    .ARM.Collect$$libinit$$00000015  c_p.l(libinit2.o)(c_p.l)
    0x00000126   0x00000000   Code   RO          224    .ARM.Collect$$libinit$$00000017  c_p.l(libinit2.o)(c_p.l)
    0x00000126   0x00000000   Code   RO          226    .ARM.Collect$$libinit$$00000019  c_p.l(libinit2.o)(c_p.l)
    0x00000126   0x00000000   Code   RO          228    .ARM.Collect$$libinit$$0000001B  c_p.l(libinit2.o)(c_p.l)
    0x00000126   0x00000000   Code   RO          230    .ARM.Collect$$libinit$$0000001D  c_p.l(libinit2.o)(c_p.l)
    0x00000126   0x00000000   Code   RO          232    .ARM.Collect$$libinit$$0000001F  c_p.l(libinit2.o)(c_p.l)
    0x00000126   0x00000000   Code   RO          234    .ARM.Collect$$libinit$$00000021  c_p.l(libinit2.o)(c_p.l)
    0x00000126   0x00000000   Code   RO          238    .ARM.Collect$$libinit$$00000028  c_p.l(libinit2.o)(c_p.l)
    0x00000126   0x00000000   Code   RO          240    .ARM.Collect$$libinit$$0000002A  c_p.l(libinit2.o)(c_p.l)
    0x00000126   0x00000000   Code   RO          242    .ARM.Collect$$libinit$$0000002C  c_p.l(libinit2.o)(c_p.l)
    0x00000126   0x00000000   Code   RO          244    .ARM.Collect$$libinit$$0000002E  c_p.l(libinit2.o)(c_p.l)
    0x00000126   0x00000002   Code   RO          245    .ARM.Collect$$libinit$$0000002F  c_p.l(libinit2.o)(c_p.l)
    0x00000128   0x00000002   Code   RO          276    .ARM.Collect$$libshutdown$$00000000  c_p.l(libshutdown.o)(c_p.l)
    0x0000012a   0x00000000   Code   RO          303    .ARM.Collect$$libshutdown$$00000003  c_p.l(libshutdown2.o)(c_p.l)
    0x0000012a   0x00000000   Code   RO          306    .ARM.Collect$$libshutdown$$00000006  c_p.l(libshutdown2.o)(c_p.l)
    0x0000012a   0x00000000   Code   RO          309    .ARM.Collect$$libshutdown$$00000009  c_p.l(libshutdown2.o)(c_p.l)
    0x0000012a   0x00000000   Code   RO          311    .ARM.Collect$$libshutdown$$0000000B  c_p.l(libshutdown2.o)(c_p.l)
    0x0000012a   0x00000000   Code   RO          314    .ARM.Collect$$libshutdown$$0000000E  c_p.l(libshutdown2.o)(c_p.l)
    0x0000012a   0x00000002   Code   RO          315    .ARM.Collect$$libshutdown$$0000000F  c_p.l(libshutdown2.o)(c_p.l)
    0x0000012c   0x00000000   Code   RO          151    .ARM.Collect$$rtentry$$00000000  c_p.l(rtentry.o)(c_p.l)
    0x0000012c   0x00000000   Code   RO          158    .ARM.Collect$$rtentry$$00000002  c_p.l(rtentry2.o)(c_p.l)
    0x0000012c   0x00000006   Code   RO          173    .ARM.Collect$$rtentry$$00000004  c_p.l(rtentry4.o)(c_p.l)
    0x00000132   0x00000000   Code   RO          160    .ARM.Collect$$rtentry$$00000009  c_p.l(rtentry2.o)(c_p.l)
    0x00000132   0x00000004   Code   RO          161    .ARM.Collect$$rtentry$$0000000A  c_p.l(rtentry2.o)(c_p.l)
    0x00000136   0x00000000   Code   RO          163    .ARM.Collect$$rtentry$$0000000C  c_p.l(rtentry2.o)(c_p.l)
    0x00000136   0x00000008   Code   RO          164    .ARM.Collect$$rtentry$$0000000D  c_p.l(rtentry2.o)(c_p.l)
    0x0000013e   0x00000002   Code   RO          197    .ARM.Collect$$rtexit$$00000000  c_p.l(rtexit.o)(c_p.l)
    0x00000140   0x00000000   Code   RO          251    .ARM.Collect$$rtexit$$00000002  c_p.l(rtexit2.o)(c_p.l)
    0x00000140   0x00000004   Code   RO          252    .ARM.Collect$$rtexit$$00000003  c_p.l(rtexit2.o)(c_p.l)
    0x00000144   0x00000006   Code   RO          253    .ARM.Collect$$rtexit$$00000004  c_p.l(rtexit2.o)(c_p.l)
    0x0000014a   0x00000002   PAD
    0x0000014c   0x00000038   Code   RO          139    .emb_text           c_p.l(rt_memcpy.o)(c_p.l)
    0x00000184   0x0000027c   Code   RO           13    .text               system_lpc11xx.o
    0x00000400   0x00000038   Code   RO           43    .text               startup_lpc11xx.o
    0x00000438   0x00000710   Code   RO           49    .text               main.o
    0x00000b48   0x0000025c   Code   RO           86    .text               buffer.o
    0x00000da4   0x000000a0   Code   RO          107    .text               can_api.o
    0x00000e44   0x0000015a   Code   RO          143    .text               c_p.l(aeabi_sdiv.o)(c_p.l)
    0x00000f9e   0x00000006   Code   RO          147    .text               c_p.l(heapauxi.o)(c_p.l)
    0x00000fa4   0x0000003e   Code   RO          177    .text               c_p.l(sys_stackheap_outer.o)(c_p.l)
    0x00000fe2   0x0000000c   Code   RO          180    .text               c_p.l(exit.o)(c_p.l)
    0x00000fee   0x00000002   PAD
    0x00000ff0   0x00000008   Code   RO          193    .text               c_p.l(libspace.o)(c_p.l)
    0x00000ff8   0x0000000c   Code   RO          248    .text               c_p.l(sys_exit.o)(c_p.l)
    0x00001004   0x00000002   Code   RO          266    .text               c_p.l(use_no_semi.o)(c_p.l)
    0x00001006   0x00000056   Code   RO          318    .text               c_p.l(__dczerorl2.o)(c_p.l)
    0x0000105c   0x0000001a   Code   RO           25    i.__ARM_common_switch8  system_lpc11xx.o
    0x00001076   0x00000002   PAD
    0x00001078   0x00000020   Data   RO          109    .constdata          can_api.o
    0x00001098   0x00000020   Data   RO          316    Region$$Table       anon$$obj.o


    Execution Region SRAM0 (Base: 0x10000000, Size: 0x00000000, Max: 0x00000050, ABSOLUTE)

    **** No section assigned to this execution region ****


    Execution Region SRAM1 (Base: 0x100000bc, Size: 0x00000f3c, Max: 0xffffffff, ABSOLUTE, COMPRESSED[0x00000074])

    Base Addr    Size         Type   Attr      Idx    E Section Name        Object

    0x100000bc   0x00000004   Data   RW           14    .data               system_lpc11xx.o
    0x100000c0   0x00000010   Data   RW           51    .data               main.o
    0x100000d0   0x00000990   Data   RW           87    .data               buffer.o
    0x10000a60   0x00000080   Data   RW          110    .data               can_api.o
    0x10000ae0   0x00000039   Zero   RW           50    .bss                main.o
    0x10000b19   0x00000003   PAD
    0x10000b1c   0x00000078   Zero   RW          108    .bss                can_api.o
    0x10000b94   0x00000060   Zero   RW          194    .bss                c_p.l(libspace.o)(c_p.l)
    0x10000bf4   0x00000004   PAD
    0x10000bf8   0x00000200   Zero   RW           41    HEAP                startup_lpc11xx.o
    0x10000df8   0x00000200   Zero   RW           40    STACK               startup_lpc11xx.o


    Execution Region SRAMEND (Base: 0x10002000, Size: 0x00000000, Max: 0x00000000, ABSOLUTE, UNINIT)

    Base Addr    Size         Type   Attr      Idx    E Section Name        Object

    0x10002000   0x00000000   Zero   RW            1    SRAMEND.bss         anon$$obj.o


==============================================================================

Image component sizes


      Code (inc. data)   RO Data    RW Data    ZI Data      Debug   Object Name

       604          6          0       2448          0          0   buffer.o
       160         10         32        128        120          0   can_api.o
         0          0          0          0          0          0   core_cm0.o
      1808        142          0         16         57          0   main.o
        56         22        192          0       1024          0   startup_lpc11xx.o
       662        102          0          4          0          0   system_lpc11xx.o

    ----------------------------------------------------------------------
      3292        282        256       2596       1204          0   Object Totals
         0          0         32          0          0          0   (incl. Generated)
         2          0          0          0          3          3   (incl. Padding)

    ----------------------------------------------------------------------

      Code (inc. data)   RO Data    RW Data    ZI Data      Debug   Library Member Name

        86          0          0          0          0          0   __dczerorl2.o
         8          0          0          0          0          0   __main.o
        60          8          0          0          0          0   __scatter.o
        28          0          0          0          0          0   __scatter_zi.o
       346          0          0          0          0          0   aeabi_sdiv.o
        12          0          0          0          0          0   exit.o
         6          0          0          0          0          0   heapauxi.o
         6          0          0          0          0          0   libinit.o
         2          0          0          0          0          0   libinit2.o
         2          0          0          0          0          0   libshutdown.o
         2          0          0          0          0          0   libshutdown2.o
         8          4          0          0         96          0   libspace.o
        56          0          0          0          0          0   rt_memcpy.o
         0          0          0          0          0          0   rtentry.o
        12          0          0          0          0          0   rtentry2.o
         6          0          0          0          0          0   rtentry4.o
         2          0          0          0          0          0   rtexit.o
        10          0          0          0          0          0   rtexit2.o
        12          4          0          0          0          0   sys_exit.o
        62          0          0          0          0          0   sys_stackheap_outer.o
         2          0          0          0          0          0   use_no_semi.o

    ----------------------------------------------------------------------
       732         16          0          0        100          0   Library Totals
         4          0          0          0          4          0   (incl. Padding)

    ----------------------------------------------------------------------

      Code (inc. data)   RO Data    RW Data    ZI Data      Debug   Library Name

       728         16          0          0         96        700   c_p.l

    ----------------------------------------------------------------------
       732         16          0          0        100          0   Library Totals

    ----------------------------------------------------------------------

==============================================================================


      Code (inc. data)   RO Data    RW Data    ZI Data      Debug   

      4024        298        256       2596       1304      36208   Grand Totals
      4024        298        256        116       1304      36208   ELF Image Totals (compressed)
      4024        298        256        116          0          0   ROM Totals

==============================================================================

    Total RO  Size (Code + RO Data)                 4280 (   4.18kB)
    Total RW  Size (RW Data + ZI Data)              3900 (   3.81kB)
    Total ROM Size (Code + RO Data + RW Data)       4396 (   4.29kB)

==============================================================================

